<?xml version="1.0" encoding="ISO-8859-1" ?>
<link_info>
   <banner>TI ARM Linker PC v18.1.1.LTS</banner>
   <copyright>Copyright (c) 1996-2017 Texas Instruments Incorporated</copyright>
   <link_time>0x5b216914</link_time>
   <link_errors>0x0</link_errors>
   <output_file>tech_code.out</output_file>
   <entry_point>
      <name>_c_int00_noargs</name>
      <address>0x37d5</address>
   </entry_point>
   <input_file_list>
      <input_file id="fl-2">
         <path>.\</path>
         <kind>object</kind>
         <file>ADC14.obj</file>
         <name>ADC14.obj</name>
      </input_file>
      <input_file id="fl-3">
         <path>.\</path>
         <kind>object</kind>
         <file>AP.obj</file>
         <name>AP.obj</name>
      </input_file>
      <input_file id="fl-4">
         <path>.\</path>
         <kind>object</kind>
         <file>Bump.obj</file>
         <name>Bump.obj</name>
      </input_file>
      <input_file id="fl-5">
         <path>.\</path>
         <kind>object</kind>
         <file>Clock.obj</file>
         <name>Clock.obj</name>
      </input_file>
      <input_file id="fl-6">
         <path>.\</path>
         <kind>object</kind>
         <file>CortexM.obj</file>
         <name>CortexM.obj</name>
      </input_file>
      <input_file id="fl-7">
         <path>.\</path>
         <kind>object</kind>
         <file>GPIO.obj</file>
         <name>GPIO.obj</name>
      </input_file>
      <input_file id="fl-8">
         <path>.\</path>
         <kind>object</kind>
         <file>IRDistance.obj</file>
         <name>IRDistance.obj</name>
      </input_file>
      <input_file id="fl-9">
         <path>.\</path>
         <kind>object</kind>
         <file>LPF.obj</file>
         <name>LPF.obj</name>
      </input_file>
      <input_file id="fl-a">
         <path>.\</path>
         <kind>object</kind>
         <file>Lab19_TestMain.obj</file>
         <name>Lab19_TestMain.obj</name>
      </input_file>
      <input_file id="fl-b">
         <path>.\</path>
         <kind>object</kind>
         <file>LaunchPad.obj</file>
         <name>LaunchPad.obj</name>
      </input_file>
      <input_file id="fl-c">
         <path>.\</path>
         <kind>object</kind>
         <file>Motor.obj</file>
         <name>Motor.obj</name>
      </input_file>
      <input_file id="fl-d">
         <path>.\</path>
         <kind>object</kind>
         <file>Nokia5110.obj</file>
         <name>Nokia5110.obj</name>
      </input_file>
      <input_file id="fl-e">
         <path>.\</path>
         <kind>object</kind>
         <file>PWM.obj</file>
         <name>PWM.obj</name>
      </input_file>
      <input_file id="fl-f">
         <path>.\</path>
         <kind>object</kind>
         <file>TExaS.obj</file>
         <name>TExaS.obj</name>
      </input_file>
      <input_file id="fl-10">
         <path>.\</path>
         <kind>object</kind>
         <file>TimerA1.obj</file>
         <name>TimerA1.obj</name>
      </input_file>
      <input_file id="fl-11">
         <path>.\</path>
         <kind>object</kind>
         <file>UART0.obj</file>
         <name>UART0.obj</name>
      </input_file>
      <input_file id="fl-12">
         <path>.\</path>
         <kind>object</kind>
         <file>UART1.obj</file>
         <name>UART1.obj</name>
      </input_file>
      <input_file id="fl-13">
         <path>.\</path>
         <kind>object</kind>
         <file>startup_msp432p401r_ccs.obj</file>
         <name>startup_msp432p401r_ccs.obj</name>
      </input_file>
      <input_file id="fl-14">
         <path>.\</path>
         <kind>object</kind>
         <file>system_msp432p401r.obj</file>
         <name>system_msp432p401r.obj</name>
      </input_file>
      <input_file id="fl-18">
         <kind>object</kind>
         <file>&lt;internal&gt;</file>
         <name>&lt;internal&gt;</name>
      </input_file>
      <input_file id="fl-ce">
         <path>C:\ti\ccsv8\tools\compiler\ti-cgt-arm_18.1.1.LTS\lib\</path>
         <kind>archive</kind>
         <file>rtsv7M4_T_le_v4SPD16_eabi.lib</file>
         <name>copy_zero_init.c.obj</name>
      </input_file>
      <input_file id="fl-cf">
         <path>C:\ti\ccsv8\tools\compiler\ti-cgt-arm_18.1.1.LTS\lib\</path>
         <kind>archive</kind>
         <file>rtsv7M4_T_le_v4SPD16_eabi.lib</file>
         <name>copy_decompress_none.c.obj</name>
      </input_file>
      <input_file id="fl-d0">
         <path>C:\ti\ccsv8\tools\compiler\ti-cgt-arm_18.1.1.LTS\lib\</path>
         <kind>archive</kind>
         <file>rtsv7M4_T_le_v4SPD16_eabi.lib</file>
         <name>copy_decompress_lzss.c.obj</name>
      </input_file>
      <input_file id="fl-d1">
         <path>C:\ti\ccsv8\tools\compiler\ti-cgt-arm_18.1.1.LTS\lib\</path>
         <kind>archive</kind>
         <file>rtsv7M4_T_le_v4SPD16_eabi.lib</file>
         <name>boot_cortex_m.c.obj</name>
      </input_file>
      <input_file id="fl-d2">
         <path>C:\ti\ccsv8\tools\compiler\ti-cgt-arm_18.1.1.LTS\lib\</path>
         <kind>archive</kind>
         <file>rtsv7M4_T_le_v4SPD16_eabi.lib</file>
         <name>exit.c.obj</name>
      </input_file>
      <input_file id="fl-d3">
         <path>C:\ti\ccsv8\tools\compiler\ti-cgt-arm_18.1.1.LTS\lib\</path>
         <kind>archive</kind>
         <file>rtsv7M4_T_le_v4SPD16_eabi.lib</file>
         <name>_lock.c.obj</name>
      </input_file>
      <input_file id="fl-d4">
         <path>C:\ti\ccsv8\tools\compiler\ti-cgt-arm_18.1.1.LTS\lib\</path>
         <kind>archive</kind>
         <file>rtsv7M4_T_le_v4SPD16_eabi.lib</file>
         <name>add_device.c.obj</name>
      </input_file>
      <input_file id="fl-d5">
         <path>C:\ti\ccsv8\tools\compiler\ti-cgt-arm_18.1.1.LTS\lib\</path>
         <kind>archive</kind>
         <file>rtsv7M4_T_le_v4SPD16_eabi.lib</file>
         <name>args_main.c.obj</name>
      </input_file>
      <input_file id="fl-d6">
         <path>C:\ti\ccsv8\tools\compiler\ti-cgt-arm_18.1.1.LTS\lib\</path>
         <kind>archive</kind>
         <file>rtsv7M4_T_le_v4SPD16_eabi.lib</file>
         <name>defs.c.obj</name>
      </input_file>
      <input_file id="fl-d7">
         <path>C:\ti\ccsv8\tools\compiler\ti-cgt-arm_18.1.1.LTS\lib\</path>
         <kind>archive</kind>
         <file>rtsv7M4_T_le_v4SPD16_eabi.lib</file>
         <name>fopen.c.obj</name>
      </input_file>
      <input_file id="fl-d8">
         <path>C:\ti\ccsv8\tools\compiler\ti-cgt-arm_18.1.1.LTS\lib\</path>
         <kind>archive</kind>
         <file>rtsv7M4_T_le_v4SPD16_eabi.lib</file>
         <name>getdevice.c.obj</name>
      </input_file>
      <input_file id="fl-d9">
         <path>C:\ti\ccsv8\tools\compiler\ti-cgt-arm_18.1.1.LTS\lib\</path>
         <kind>archive</kind>
         <file>rtsv7M4_T_le_v4SPD16_eabi.lib</file>
         <name>open.c.obj</name>
      </input_file>
      <input_file id="fl-da">
         <path>C:\ti\ccsv8\tools\compiler\ti-cgt-arm_18.1.1.LTS\lib\</path>
         <kind>archive</kind>
         <file>rtsv7M4_T_le_v4SPD16_eabi.lib</file>
         <name>setvbuf.c.obj</name>
      </input_file>
      <input_file id="fl-db">
         <path>C:\ti\ccsv8\tools\compiler\ti-cgt-arm_18.1.1.LTS\lib\</path>
         <kind>archive</kind>
         <file>rtsv7M4_T_le_v4SPD16_eabi.lib</file>
         <name>strchr.c.obj</name>
      </input_file>
      <input_file id="fl-dc">
         <path>C:\ti\ccsv8\tools\compiler\ti-cgt-arm_18.1.1.LTS\lib\</path>
         <kind>archive</kind>
         <file>rtsv7M4_T_le_v4SPD16_eabi.lib</file>
         <name>strcmp.c.obj</name>
      </input_file>
      <input_file id="fl-dd">
         <path>C:\ti\ccsv8\tools\compiler\ti-cgt-arm_18.1.1.LTS\lib\</path>
         <kind>archive</kind>
         <file>rtsv7M4_T_le_v4SPD16_eabi.lib</file>
         <name>strncpy.c.obj</name>
      </input_file>
      <input_file id="fl-de">
         <path>C:\ti\ccsv8\tools\compiler\ti-cgt-arm_18.1.1.LTS\lib\</path>
         <kind>archive</kind>
         <file>rtsv7M4_T_le_v4SPD16_eabi.lib</file>
         <name>write.c.obj</name>
      </input_file>
      <input_file id="fl-df">
         <path>C:\ti\ccsv8\tools\compiler\ti-cgt-arm_18.1.1.LTS\lib\</path>
         <kind>archive</kind>
         <file>rtsv7M4_T_le_v4SPD16_eabi.lib</file>
         <name>memcpy_t2.asm.obj</name>
      </input_file>
      <input_file id="fl-e0">
         <path>C:\ti\ccsv8\tools\compiler\ti-cgt-arm_18.1.1.LTS\lib\</path>
         <kind>archive</kind>
         <file>rtsv7M4_T_le_v4SPD16_eabi.lib</file>
         <name>memset_t2.asm.obj</name>
      </input_file>
      <input_file id="fl-e1">
         <path>C:\ti\ccsv8\tools\compiler\ti-cgt-arm_18.1.1.LTS\lib\</path>
         <kind>archive</kind>
         <file>rtsv7M4_T_le_v4SPD16_eabi.lib</file>
         <name>autoinit.c.obj</name>
      </input_file>
      <input_file id="fl-e2">
         <path>C:\ti\ccsv8\tools\compiler\ti-cgt-arm_18.1.1.LTS\lib\</path>
         <kind>archive</kind>
         <file>rtsv7M4_T_le_v4SPD16_eabi.lib</file>
         <name>pre_init.c.obj</name>
      </input_file>
      <input_file id="fl-e3">
         <path>C:\ti\ccsv8\tools\compiler\ti-cgt-arm_18.1.1.LTS\lib\</path>
         <kind>archive</kind>
         <file>rtsv7M4_T_le_v4SPD16_eabi.lib</file>
         <name>cpy_tbl.c.obj</name>
      </input_file>
      <input_file id="fl-e4">
         <path>C:\ti\ccsv8\tools\compiler\ti-cgt-arm_18.1.1.LTS\lib\</path>
         <kind>archive</kind>
         <file>rtsv7M4_T_le_v4SPD16_eabi.lib</file>
         <name>memory.c.obj</name>
      </input_file>
      <input_file id="fl-e5">
         <path>C:\ti\ccsv8\tools\compiler\ti-cgt-arm_18.1.1.LTS\lib\</path>
         <kind>archive</kind>
         <file>rtsv7M4_T_le_v4SPD16_eabi.lib</file>
         <name>fclose.c.obj</name>
      </input_file>
      <input_file id="fl-e6">
         <path>C:\ti\ccsv8\tools\compiler\ti-cgt-arm_18.1.1.LTS\lib\</path>
         <kind>archive</kind>
         <file>rtsv7M4_T_le_v4SPD16_eabi.lib</file>
         <name>fflush.c.obj</name>
      </input_file>
      <input_file id="fl-e7">
         <path>C:\ti\ccsv8\tools\compiler\ti-cgt-arm_18.1.1.LTS\lib\</path>
         <kind>archive</kind>
         <file>rtsv7M4_T_le_v4SPD16_eabi.lib</file>
         <name>remove.c.obj</name>
      </input_file>
      <input_file id="fl-e8">
         <path>C:\ti\ccsv8\tools\compiler\ti-cgt-arm_18.1.1.LTS\lib\</path>
         <kind>archive</kind>
         <file>rtsv7M4_T_le_v4SPD16_eabi.lib</file>
         <name>hostclose.c.obj</name>
      </input_file>
      <input_file id="fl-e9">
         <path>C:\ti\ccsv8\tools\compiler\ti-cgt-arm_18.1.1.LTS\lib\</path>
         <kind>archive</kind>
         <file>rtsv7M4_T_le_v4SPD16_eabi.lib</file>
         <name>hostlseek.c.obj</name>
      </input_file>
      <input_file id="fl-ea">
         <path>C:\ti\ccsv8\tools\compiler\ti-cgt-arm_18.1.1.LTS\lib\</path>
         <kind>archive</kind>
         <file>rtsv7M4_T_le_v4SPD16_eabi.lib</file>
         <name>hostopen.c.obj</name>
      </input_file>
      <input_file id="fl-eb">
         <path>C:\ti\ccsv8\tools\compiler\ti-cgt-arm_18.1.1.LTS\lib\</path>
         <kind>archive</kind>
         <file>rtsv7M4_T_le_v4SPD16_eabi.lib</file>
         <name>hostread.c.obj</name>
      </input_file>
      <input_file id="fl-ec">
         <path>C:\ti\ccsv8\tools\compiler\ti-cgt-arm_18.1.1.LTS\lib\</path>
         <kind>archive</kind>
         <file>rtsv7M4_T_le_v4SPD16_eabi.lib</file>
         <name>hostrename.c.obj</name>
      </input_file>
      <input_file id="fl-ed">
         <path>C:\ti\ccsv8\tools\compiler\ti-cgt-arm_18.1.1.LTS\lib\</path>
         <kind>archive</kind>
         <file>rtsv7M4_T_le_v4SPD16_eabi.lib</file>
         <name>hostunlink.c.obj</name>
      </input_file>
      <input_file id="fl-ee">
         <path>C:\ti\ccsv8\tools\compiler\ti-cgt-arm_18.1.1.LTS\lib\</path>
         <kind>archive</kind>
         <file>rtsv7M4_T_le_v4SPD16_eabi.lib</file>
         <name>hostwrite.c.obj</name>
      </input_file>
      <input_file id="fl-ef">
         <path>C:\ti\ccsv8\tools\compiler\ti-cgt-arm_18.1.1.LTS\lib\</path>
         <kind>archive</kind>
         <file>rtsv7M4_T_le_v4SPD16_eabi.lib</file>
         <name>trgmsg.c.obj</name>
      </input_file>
      <input_file id="fl-f0">
         <path>C:\ti\ccsv8\tools\compiler\ti-cgt-arm_18.1.1.LTS\lib\</path>
         <kind>archive</kind>
         <file>rtsv7M4_T_le_v4SPD16_eabi.lib</file>
         <name>unlink.c.obj</name>
      </input_file>
      <input_file id="fl-f1">
         <path>C:\ti\ccsv8\tools\compiler\ti-cgt-arm_18.1.1.LTS\lib\</path>
         <kind>archive</kind>
         <file>rtsv7M4_T_le_v4SPD16_eabi.lib</file>
         <name>close.c.obj</name>
      </input_file>
      <input_file id="fl-f2">
         <path>C:\ti\ccsv8\tools\compiler\ti-cgt-arm_18.1.1.LTS\lib\</path>
         <kind>archive</kind>
         <file>rtsv7M4_T_le_v4SPD16_eabi.lib</file>
         <name>strcpy.c.obj</name>
      </input_file>
      <input_file id="fl-f3">
         <path>C:\ti\ccsv8\tools\compiler\ti-cgt-arm_18.1.1.LTS\lib\</path>
         <kind>archive</kind>
         <file>rtsv7M4_T_le_v4SPD16_eabi.lib</file>
         <name>strlen.c.obj</name>
      </input_file>
   </input_file_list>
   <object_component_list>
      <object_component id="oc-23">
         <name>.intvecs:retain</name>
         <load_address>0x0</load_address>
         <run_address>0x0</run_address>
         <size>0xe4</size>
         <input_file_ref idref="fl-13"/>
      </object_component>
      <object_component id="oc-119">
         <name>.text</name>
         <load_address>0xe4</load_address>
         <run_address>0xe4</run_address>
         <size>0xfc4</size>
         <input_file_ref idref="fl-3"/>
      </object_component>
      <object_component id="oc-a9">
         <name>.text</name>
         <load_address>0x10a8</load_address>
         <run_address>0x10a8</run_address>
         <size>0x6cc</size>
         <input_file_ref idref="fl-a"/>
      </object_component>
      <object_component id="oc-101">
         <name>.text</name>
         <load_address>0x1774</load_address>
         <run_address>0x1774</run_address>
         <size>0x6bc</size>
         <input_file_ref idref="fl-11"/>
      </object_component>
      <object_component id="oc-79">
         <name>.text</name>
         <load_address>0x1e30</load_address>
         <run_address>0x1e30</run_address>
         <size>0x630</size>
         <input_file_ref idref="fl-f"/>
      </object_component>
      <object_component id="oc-bb">
         <name>.text</name>
         <load_address>0x2460</load_address>
         <run_address>0x2460</run_address>
         <size>0x32c</size>
         <input_file_ref idref="fl-14"/>
      </object_component>
      <object_component id="oc-10d">
         <name>.text</name>
         <load_address>0x278c</load_address>
         <run_address>0x278c</run_address>
         <size>0x1e0</size>
         <input_file_ref idref="fl-5"/>
      </object_component>
      <object_component id="oc-73">
         <name>.text</name>
         <load_address>0x296c</load_address>
         <run_address>0x296c</run_address>
         <size>0x1a4</size>
         <input_file_ref idref="fl-12"/>
      </object_component>
      <object_component id="oc-1d9">
         <name>.text:setvbuf</name>
         <load_address>0x2b10</load_address>
         <run_address>0x2b10</run_address>
         <size>0xdc</size>
         <input_file_ref idref="fl-da"/>
      </object_component>
      <object_component id="oc-2ab">
         <name>.text:free</name>
         <load_address>0x2bec</load_address>
         <run_address>0x2bec</run_address>
         <size>0xd8</size>
         <input_file_ref idref="fl-e4"/>
      </object_component>
      <object_component id="oc-298">
         <name>.text:_openfile</name>
         <load_address>0x2cc4</load_address>
         <run_address>0x2cc4</run_address>
         <size>0xd0</size>
         <input_file_ref idref="fl-d7"/>
      </object_component>
      <object_component id="oc-1ee">
         <name>.text</name>
         <load_address>0x2d94</load_address>
         <run_address>0x2d94</run_address>
         <size>0xc0</size>
         <input_file_ref idref="fl-7"/>
      </object_component>
      <object_component id="oc-351">
         <name>.text:open</name>
         <load_address>0x2e54</load_address>
         <run_address>0x2e54</run_address>
         <size>0xbc</size>
         <input_file_ref idref="fl-d9"/>
      </object_component>
      <object_component id="oc-1c7">
         <name>.text:add_device</name>
         <load_address>0x2f10</load_address>
         <run_address>0x2f10</run_address>
         <size>0xb8</size>
         <input_file_ref idref="fl-d4"/>
      </object_component>
      <object_component id="oc-113">
         <name>.text</name>
         <load_address>0x2fc8</load_address>
         <run_address>0x2fc8</run_address>
         <size>0xb0</size>
         <input_file_ref idref="fl-b"/>
      </object_component>
      <object_component id="oc-1cd">
         <name>.text:fopen</name>
         <load_address>0x3078</load_address>
         <run_address>0x3078</run_address>
         <size>0x9c</size>
         <input_file_ref idref="fl-d7"/>
      </object_component>
      <object_component id="oc-37">
         <name>.text</name>
         <load_address>0x3114</load_address>
         <run_address>0x3114</run_address>
         <size>0x9c</size>
         <input_file_ref idref="fl-df"/>
      </object_component>
      <object_component id="oc-9d">
         <name>.text</name>
         <load_address>0x31b0</load_address>
         <run_address>0x31b0</run_address>
         <size>0x7a</size>
         <input_file_ref idref="fl-e0"/>
      </object_component>
      <object_component id="oc-2ed">
         <name>.text:_nop</name>
         <load_address>0x322a</load_address>
         <run_address>0x322a</run_address>
         <size>0x2</size>
         <input_file_ref idref="fl-d3"/>
      </object_component>
      <object_component id="oc-2b1">
         <name>.text:malloc</name>
         <load_address>0x322c</load_address>
         <run_address>0x322c</run_address>
         <size>0x78</size>
         <input_file_ref idref="fl-e4"/>
      </object_component>
      <object_component id="oc-2a4">
         <name>.text:__TI_closefile</name>
         <load_address>0x32a4</load_address>
         <run_address>0x32a4</run_address>
         <size>0x74</size>
         <input_file_ref idref="fl-e5"/>
      </object_component>
      <object_component id="oc-330">
         <name>.text:HOSTlseek</name>
         <load_address>0x3318</load_address>
         <run_address>0x3318</run_address>
         <size>0x68</size>
         <input_file_ref idref="fl-e9"/>
      </object_component>
      <object_component id="oc-33c">
         <name>.text:HOSTrename</name>
         <load_address>0x3380</load_address>
         <run_address>0x3380</run_address>
         <size>0x68</size>
         <input_file_ref idref="fl-ec"/>
      </object_component>
      <object_component id="oc-14">
         <name>.text:decompress:lzss:__TI_decompress_lzss</name>
         <load_address>0x33e8</load_address>
         <run_address>0x33e8</run_address>
         <size>0x68</size>
         <input_file_ref idref="fl-d0"/>
      </object_component>
      <object_component id="oc-318">
         <name>.text:HOSTopen</name>
         <load_address>0x3450</load_address>
         <run_address>0x3450</run_address>
         <size>0x60</size>
         <input_file_ref idref="fl-ea"/>
      </object_component>
      <object_component id="oc-367">
         <name>.text:close</name>
         <load_address>0x34b0</load_address>
         <run_address>0x34b0</run_address>
         <size>0x5c</size>
         <input_file_ref idref="fl-f1"/>
      </object_component>
      <object_component id="oc-324">
         <name>.text:HOSTread</name>
         <load_address>0x350c</load_address>
         <run_address>0x350c</run_address>
         <size>0x58</size>
         <input_file_ref idref="fl-eb"/>
      </object_component>
      <object_component id="oc-32a">
         <name>.text:HOSTwrite</name>
         <load_address>0x3564</load_address>
         <run_address>0x3564</run_address>
         <size>0x58</size>
         <input_file_ref idref="fl-ee"/>
      </object_component>
      <object_component id="oc-361">
         <name>.text:__TI_doflush</name>
         <load_address>0x35bc</load_address>
         <run_address>0x35bc</run_address>
         <size>0x4c</size>
         <input_file_ref idref="fl-e6"/>
      </object_component>
      <object_component id="oc-16f">
         <name>.text:exit</name>
         <load_address>0x3608</load_address>
         <run_address>0x3608</run_address>
         <size>0x48</size>
         <input_file_ref idref="fl-d2"/>
      </object_component>
      <object_component id="oc-31e">
         <name>.text:HOSTclose</name>
         <load_address>0x3650</load_address>
         <run_address>0x3650</run_address>
         <size>0x44</size>
         <input_file_ref idref="fl-e8"/>
      </object_component>
      <object_component id="oc-336">
         <name>.text:HOSTunlink</name>
         <load_address>0x3694</load_address>
         <run_address>0x3694</run_address>
         <size>0x44</size>
         <input_file_ref idref="fl-ed"/>
      </object_component>
      <object_component id="oc-175">
         <name>.text:__TI_auto_init_nobinit_nopinit:__TI_auto_init_nobinit_nopinit</name>
         <load_address>0x36d8</load_address>
         <run_address>0x36d8</run_address>
         <size>0x44</size>
         <input_file_ref idref="fl-e1"/>
      </object_component>
      <object_component id="oc-3d8">
         <name>.text:getdevice</name>
         <load_address>0x371c</load_address>
         <run_address>0x371c</run_address>
         <size>0x44</size>
         <input_file_ref idref="fl-d8"/>
      </object_component>
      <object_component id="oc-382">
         <name>.text:minsert</name>
         <load_address>0x3760</load_address>
         <run_address>0x3760</run_address>
         <size>0x3c</size>
         <input_file_ref idref="fl-e4"/>
      </object_component>
      <object_component id="oc-3af">
         <name>.text:__TI_writemsg</name>
         <load_address>0x379c</load_address>
         <run_address>0x379c</run_address>
         <size>0x38</size>
         <input_file_ref idref="fl-ef"/>
      </object_component>
      <object_component id="oc-55">
         <name>.text:_c_int00_noargs:_c_int00_noargs</name>
         <load_address>0x37d4</load_address>
         <run_address>0x37d4</run_address>
         <size>0x38</size>
         <input_file_ref idref="fl-d1"/>
      </object_component>
      <object_component id="oc-376">
         <name>.text:minit</name>
         <load_address>0x380c</load_address>
         <run_address>0x380c</run_address>
         <size>0x38</size>
         <input_file_ref idref="fl-e4"/>
      </object_component>
      <object_component id="oc-28c">
         <name>.text:strncpy</name>
         <load_address>0x3844</load_address>
         <run_address>0x3844</run_address>
         <size>0x36</size>
         <input_file_ref idref="fl-dd"/>
      </object_component>
      <object_component id="oc-2b7">
         <name>.text:__TI_cleanup</name>
         <load_address>0x387c</load_address>
         <run_address>0x387c</run_address>
         <size>0x34</size>
         <input_file_ref idref="fl-d7"/>
      </object_component>
      <object_component id="oc-3b5">
         <name>.text:__TI_readmsg</name>
         <load_address>0x38b0</load_address>
         <run_address>0x38b0</run_address>
         <size>0x34</size>
         <input_file_ref idref="fl-ef"/>
      </object_component>
      <object_component id="oc-1d3">
         <name>.text:freopen</name>
         <load_address>0x38e4</load_address>
         <run_address>0x38e4</run_address>
         <size>0x34</size>
         <input_file_ref idref="fl-d7"/>
      </object_component>
      <object_component id="oc-286">
         <name>.text:finddevice</name>
         <load_address>0x3918</load_address>
         <run_address>0x3918</run_address>
         <size>0x30</size>
         <input_file_ref idref="fl-d8"/>
      </object_component>
      <object_component id="oc-36d">
         <name>.text:unlink</name>
         <load_address>0x3948</load_address>
         <run_address>0x3948</run_address>
         <size>0x2c</size>
         <input_file_ref idref="fl-f0"/>
      </object_component>
      <object_component id="oc-37c">
         <name>.text:mremove</name>
         <load_address>0x3974</load_address>
         <run_address>0x3974</run_address>
         <size>0x28</size>
         <input_file_ref idref="fl-e4"/>
      </object_component>
      <object_component id="oc-3e4">
         <name>.text:write</name>
         <load_address>0x399c</load_address>
         <run_address>0x399c</run_address>
         <size>0x28</size>
         <input_file_ref idref="fl-de"/>
      </object_component>
      <object_component id="oc-107">
         <name>.text</name>
         <load_address>0x39c4</load_address>
         <run_address>0x39c4</run_address>
         <size>0x24</size>
         <input_file_ref idref="fl-6"/>
      </object_component>
      <object_component id="oc-30e">
         <name>.text:strcmp</name>
         <load_address>0x39e8</load_address>
         <run_address>0x39e8</run_address>
         <size>0x18</size>
         <input_file_ref idref="fl-dc"/>
      </object_component>
      <object_component id="oc-411">
         <name>.text:strchr</name>
         <load_address>0x3a00</load_address>
         <run_address>0x3a00</run_address>
         <size>0x16</size>
         <input_file_ref idref="fl-db"/>
      </object_component>
      <object_component id="oc-3c9">
         <name>.text:strcpy</name>
         <load_address>0x3a16</load_address>
         <run_address>0x3a16</run_address>
         <size>0x14</size>
         <input_file_ref idref="fl-f2"/>
      </object_component>
      <object_component id="oc-3a9">
         <name>.text:strlen</name>
         <load_address>0x3a2a</load_address>
         <run_address>0x3a2a</run_address>
         <size>0x14</size>
         <input_file_ref idref="fl-f3"/>
      </object_component>
      <object_component id="oc-6d">
         <name>.text</name>
         <load_address>0x3a3e</load_address>
         <run_address>0x3a3e</run_address>
         <size>0x12</size>
         <input_file_ref idref="fl-10"/>
      </object_component>
      <object_component id="oc-1a">
         <name>.text:decompress:none:__TI_decompress_none</name>
         <load_address>0x3a50</load_address>
         <run_address>0x3a50</run_address>
         <size>0xe</size>
         <input_file_ref idref="fl-cf"/>
      </object_component>
      <object_component id="oc-67">
         <name>.text</name>
         <load_address>0x3a5e</load_address>
         <run_address>0x3a5e</run_address>
         <size>0xe</size>
         <input_file_ref idref="fl-13"/>
      </object_component>
      <object_component id="oc-49">
         <name>.text:decompress:ZI:__TI_zero_init</name>
         <load_address>0x3a6c</load_address>
         <run_address>0x3a6c</run_address>
         <size>0xc</size>
         <input_file_ref idref="fl-ce"/>
      </object_component>
      <object_component id="oc-a3">
         <name>.text:_system_pre_init</name>
         <load_address>0x3a78</load_address>
         <run_address>0x3a78</run_address>
         <size>0x4</size>
         <input_file_ref idref="fl-e2"/>
      </object_component>
      <object_component id="oc-169">
         <name>.text:abort:abort</name>
         <load_address>0x3a7c</load_address>
         <run_address>0x3a7c</run_address>
         <size>0x4</size>
         <input_file_ref idref="fl-d2"/>
      </object_component>
      <object_component id="oc-156">
         <name>.const:.string:NPI_SetAdvertisementDataMsg</name>
         <load_address>0x3a80</load_address>
         <run_address>0x3a80</run_address>
         <size>0x1c</size>
         <input_file_ref idref="fl-a"/>
      </object_component>
      <object_component id="oc-13c">
         <name>.const:.string:NPI_AddCharDescriptor2</name>
         <load_address>0x3a9c</load_address>
         <run_address>0x3a9c</run_address>
         <size>0x15</size>
         <input_file_ref idref="fl-a"/>
      </object_component>
      <object_component id="oc-217">
         <name>.const:.string:NPI_StartAdvertisement</name>
         <load_address>0x3ab1</load_address>
         <run_address>0x3ab1</run_address>
         <size>0x14</size>
         <input_file_ref idref="fl-3"/>
      </object_component>
      <object_component id="oc-159">
         <name>.const:.string:NPI_StartAdvertisementMsg</name>
         <load_address>0x3ac5</load_address>
         <run_address>0x3ac5</run_address>
         <size>0x14</size>
         <input_file_ref idref="fl-a"/>
      </object_component>
      <object_component id="oc-14b">
         <name>.const:.string:NPI_AddCharDescriptor4</name>
         <load_address>0x3ad9</load_address>
         <run_address>0x3ad9</run_address>
         <size>0x13</size>
         <input_file_ref idref="fl-a"/>
      </object_component>
      <object_component id="oc-11f">
         <name>.const:.string:NPI_GATTSetDeviceNameMsg</name>
         <load_address>0x3aec</load_address>
         <run_address>0x3aec</run_address>
         <size>0x13</size>
         <input_file_ref idref="fl-a"/>
      </object_component>
      <object_component id="oc-135">
         <name>.const:.string:NPI_AddCharDescriptor1</name>
         <load_address>0x3aff</load_address>
         <run_address>0x3aff</run_address>
         <size>0x11</size>
         <input_file_ref idref="fl-a"/>
      </object_component>
      <object_component id="oc-143">
         <name>.const:.string:NPI_AddCharDescriptor3</name>
         <load_address>0x3b10</load_address>
         <run_address>0x3b10</run_address>
         <size>0x11</size>
         <input_file_ref idref="fl-a"/>
      </object_component>
      <object_component id="oc-211">
         <name>.const:.string:NPI_SetAdvertisement1</name>
         <load_address>0x3b21</load_address>
         <run_address>0x3b21</run_address>
         <size>0x11</size>
         <input_file_ref idref="fl-3"/>
      </object_component>
      <object_component id="oc-153">
         <name>.const:.string:NPI_SetAdvertisementMsg</name>
         <load_address>0x3b32</load_address>
         <run_address>0x3b32</run_address>
         <size>0x11</size>
         <input_file_ref idref="fl-a"/>
      </object_component>
      <object_component id="oc-131">
         <name>.const:.string:NPI_AddCharValue1</name>
         <load_address>0x3b43</load_address>
         <run_address>0x3b43</run_address>
         <size>0xe</size>
         <input_file_ref idref="fl-a"/>
      </object_component>
      <object_component id="oc-138">
         <name>.const:.string:NPI_AddCharValue2</name>
         <load_address>0x3b51</load_address>
         <run_address>0x3b51</run_address>
         <size>0xe</size>
         <input_file_ref idref="fl-a"/>
      </object_component>
      <object_component id="oc-13f">
         <name>.const:.string:NPI_AddCharValue3</name>
         <load_address>0x3b5f</load_address>
         <run_address>0x3b5f</run_address>
         <size>0xe</size>
         <input_file_ref idref="fl-a"/>
      </object_component>
      <object_component id="oc-147">
         <name>.const:.string:NPI_AddCharValue4</name>
         <load_address>0x3b6d</load_address>
         <run_address>0x3b6d</run_address>
         <size>0xe</size>
         <input_file_ref idref="fl-a"/>
      </object_component>
      <object_component id="oc-1f6">
         <name>.const:.string:HCI_EXT_ResetSystemCmd</name>
         <load_address>0x3b7b</load_address>
         <run_address>0x3b7b</run_address>
         <size>0x9</size>
         <input_file_ref idref="fl-3"/>
      </object_component>
      <object_component id="oc-12b">
         <name>.const:.string:NPI_AddServiceMsg</name>
         <load_address>0x3b84</load_address>
         <run_address>0x3b84</run_address>
         <size>0x9</size>
         <input_file_ref idref="fl-a"/>
      </object_component>
      <object_component id="oc-21a">
         <name>.const:.string:NPI_GetStatus</name>
         <load_address>0x3b8d</load_address>
         <run_address>0x3b8d</run_address>
         <size>0x6</size>
         <input_file_ref idref="fl-3"/>
      </object_component>
      <object_component id="oc-125">
         <name>.const:.string:NPI_GetStatusMsg</name>
         <load_address>0x3b93</load_address>
         <run_address>0x3b93</run_address>
         <size>0x6</size>
         <input_file_ref idref="fl-a"/>
      </object_component>
      <object_component id="oc-21d">
         <name>.const:.string:NPI_GetVersion</name>
         <load_address>0x3b99</load_address>
         <run_address>0x3b99</run_address>
         <size>0x6</size>
         <input_file_ref idref="fl-3"/>
      </object_component>
      <object_component id="oc-128">
         <name>.const:.string:NPI_GetVersionMsg</name>
         <load_address>0x3b9f</load_address>
         <run_address>0x3b9f</run_address>
         <size>0x6</size>
         <input_file_ref idref="fl-a"/>
      </object_component>
      <object_component id="oc-1fe">
         <name>.const:.string:NPI_Register</name>
         <load_address>0x3ba5</load_address>
         <run_address>0x3ba5</run_address>
         <size>0x6</size>
         <input_file_ref idref="fl-3"/>
      </object_component>
      <object_component id="oc-150">
         <name>.const:.string:NPI_RegisterMsg</name>
         <load_address>0x3bab</load_address>
         <run_address>0x3bab</run_address>
         <size>0x6</size>
         <input_file_ref idref="fl-a"/>
      </object_component>
      <object_component id="oc-45e">
         <name>.cinit..data.load</name>
         <load_address>0x3bb8</load_address>
         <run_address>0x3bb8</run_address>
         <size>0x113</size>
      </object_component>
      <object_component id="oc-45c">
         <name>__TI_handler_table</name>
         <load_address>0x3ccc</load_address>
         <run_address>0x3ccc</run_address>
         <size>0xc</size>
      </object_component>
      <object_component id="oc-45f">
         <name>.cinit..bss.load</name>
         <load_address>0x3cd8</load_address>
         <run_address>0x3cd8</run_address>
         <size>0x8</size>
      </object_component>
      <object_component id="oc-45d">
         <name>__TI_cinit_table</name>
         <load_address>0x3ce0</load_address>
         <run_address>0x3ce0</run_address>
         <size>0x10</size>
      </object_component>
      <object_component id="oc-431">
         <name>.binit</name>
         <load_address>0x0</load_address>
         <run_address>0x0</run_address>
         <size>0x0</size>
      </object_component>
      <object_component id="oc-1fb">
         <name>.data:NPI_AddService</name>
         <load_address>0x20000b3c</load_address>
         <run_address>0x20000b3c</run_address>
         <size>0x9</size>
         <input_file_ref idref="fl-3"/>
      </object_component>
      <object_component id="oc-20e">
         <name>.data:NPI_GATTSetDeviceName</name>
         <load_address>0x20000a6d</load_address>
         <run_address>0x20000a6d</run_address>
         <size>0x1c</size>
         <input_file_ref idref="fl-3"/>
      </object_component>
      <object_component id="oc-214">
         <name>.data:NPI_SetAdvertisementData</name>
         <load_address>0x20000a28</load_address>
         <run_address>0x20000a28</run_address>
         <size>0x25</size>
         <input_file_ref idref="fl-3"/>
      </object_component>
      <object_component id="oc-223">
         <name>.data:NPI_ReadConfirmation</name>
         <load_address>0x20000aa4</load_address>
         <run_address>0x20000aa4</run_address>
         <size>0x15</size>
         <input_file_ref idref="fl-3"/>
      </object_component>
      <object_component id="oc-220">
         <name>.data:NPI_WriteConfirmation</name>
         <load_address>0x20000b57</load_address>
         <run_address>0x20000b57</run_address>
         <size>0x9</size>
         <input_file_ref idref="fl-3"/>
      </object_component>
      <object_component id="oc-226">
         <name>.data:NPI_CCCDUpdatedConfirmation</name>
         <load_address>0x20000b45</load_address>
         <run_address>0x20000b45</run_address>
         <size>0x9</size>
         <input_file_ref idref="fl-3"/>
      </object_component>
      <object_component id="oc-20b">
         <name>.data:NPI_SendNotificationIndication</name>
         <load_address>0x20000ace</load_address>
         <run_address>0x20000ace</run_address>
         <size>0x14</size>
         <input_file_ref idref="fl-3"/>
      </object_component>
      <object_component id="oc-204">
         <name>.data:NPI_AddCharValue</name>
         <load_address>0x20000b08</load_address>
         <run_address>0x20000b08</run_address>
         <size>0xe</size>
         <input_file_ref idref="fl-3"/>
      </object_component>
      <object_component id="oc-207">
         <name>.data:NPI_AddCharDescriptor</name>
         <load_address>0x20000a4d</load_address>
         <run_address>0x20000a4d</run_address>
         <size>0x20</size>
         <input_file_ref idref="fl-3"/>
      </object_component>
      <object_component id="oc-201">
         <name>.data</name>
         <load_address>0x20000b74</load_address>
         <run_address>0x20000b74</run_address>
         <size>0x8</size>
         <input_file_ref idref="fl-3"/>
      </object_component>
      <object_component id="oc-1e9">
         <name>.data</name>
         <load_address>0x20000a8c</load_address>
         <run_address>0x20000a8c</run_address>
         <size>0x18</size>
         <input_file_ref idref="fl-5"/>
      </object_component>
      <object_component id="oc-15f">
         <name>.data:NPI_ReadConfirmationMsg</name>
         <load_address>0x20000ab9</load_address>
         <run_address>0x20000ab9</run_address>
         <size>0x15</size>
         <input_file_ref idref="fl-a"/>
      </object_component>
      <object_component id="oc-15c">
         <name>.data:NPI_WriteConfirmationMsg</name>
         <load_address>0x20000b60</load_address>
         <run_address>0x20000b60</run_address>
         <size>0x9</size>
         <input_file_ref idref="fl-a"/>
      </object_component>
      <object_component id="oc-162">
         <name>.data:NPI_CCCDUpdatedConfirmationMsg</name>
         <load_address>0x20000b4e</load_address>
         <run_address>0x20000b4e</run_address>
         <size>0x9</size>
         <input_file_ref idref="fl-a"/>
      </object_component>
      <object_component id="oc-165">
         <name>.data:NPI_SendNotificationIndicationMsg</name>
         <load_address>0x20000ae2</load_address>
         <run_address>0x20000ae2</run_address>
         <size>0x14</size>
         <input_file_ref idref="fl-a"/>
      </object_component>
      <object_component id="oc-d4">
         <name>.data</name>
         <load_address>0x20000b30</load_address>
         <run_address>0x20000b30</run_address>
         <size>0xc</size>
         <input_file_ref idref="fl-f"/>
      </object_component>
      <object_component id="oc-1a7">
         <name>.data</name>
         <load_address>0x20000b88</load_address>
         <run_address>0x20000b88</run_address>
         <size>0x4</size>
         <input_file_ref idref="fl-14"/>
      </object_component>
      <object_component id="oc-25c">
         <name>.data:$O1$$</name>
         <load_address>0x20000b18</load_address>
         <run_address>0x20000b18</run_address>
         <size>0xc</size>
         <input_file_ref idref="fl-d2"/>
      </object_component>
      <object_component id="oc-25f">
         <name>.data:$O1$$</name>
         <load_address>0x20000b6c</load_address>
         <run_address>0x20000b6c</run_address>
         <size>0x8</size>
         <input_file_ref idref="fl-d3"/>
      </object_component>
      <object_component id="oc-292">
         <name>.data</name>
         <load_address>0x20000b7c</load_address>
         <run_address>0x20000b7c</run_address>
         <size>0x4</size>
         <input_file_ref idref="fl-d4"/>
      </object_component>
      <object_component id="oc-1df">
         <name>.data:_ftable</name>
         <load_address>0x20000870</load_address>
         <run_address>0x20000870</run_address>
         <size>0xf0</size>
         <input_file_ref idref="fl-d6"/>
      </object_component>
      <object_component id="oc-29f">
         <name>.data</name>
         <load_address>0x20000af8</load_address>
         <run_address>0x20000af8</run_address>
         <size>0x10</size>
         <input_file_ref idref="fl-d6"/>
      </object_component>
      <object_component id="oc-29e">
         <name>.data</name>
         <load_address>0x20000b80</load_address>
         <run_address>0x20000b80</run_address>
         <size>0x4</size>
         <input_file_ref idref="fl-d7"/>
      </object_component>
      <object_component id="oc-3de">
         <name>.data</name>
         <load_address>0x20000b84</load_address>
         <run_address>0x20000b84</run_address>
         <size>0x4</size>
         <input_file_ref idref="fl-d9"/>
      </object_component>
      <object_component id="oc-293">
         <name>.data:_device</name>
         <load_address>0x20000960</load_address>
         <run_address>0x20000960</run_address>
         <size>0x78</size>
         <input_file_ref idref="fl-de"/>
      </object_component>
      <object_component id="oc-3df">
         <name>.data:_stream</name>
         <load_address>0x200009d8</load_address>
         <run_address>0x200009d8</run_address>
         <size>0x50</size>
         <input_file_ref idref="fl-de"/>
      </object_component>
      <object_component id="oc-388">
         <name>.data:$O1$$</name>
         <load_address>0x20000b24</load_address>
         <run_address>0x20000b24</run_address>
         <size>0xc</size>
         <input_file_ref idref="fl-e4"/>
      </object_component>
      <object_component id="oc-3fb">
         <name>.bss:_CIOBUF_</name>
         <uninitialized>true</uninitialized>
         <run_address>0x20000000</run_address>
         <size>0x120</size>
         <input_file_ref idref="fl-ef"/>
      </object_component>
      <object_component id="oc-122">
         <name>.common:RecvBuf</name>
         <uninitialized>true</uninitialized>
         <run_address>0x20000360</run_address>
         <size>0x80</size>
      </object_component>
      <object_component id="oc-1f4">
         <name>.common:fcserr</name>
         <uninitialized>true</uninitialized>
         <run_address>0x2000045c</run_address>
         <size>0x4</size>
      </object_component>
      <object_component id="oc-1f9">
         <name>.common:TimeOutErr</name>
         <uninitialized>true</uninitialized>
         <run_address>0x20000458</run_address>
         <size>0x4</size>
      </object_component>
      <object_component id="oc-1f5">
         <name>.common:NoSOFErr</name>
         <uninitialized>true</uninitialized>
         <run_address>0x20000444</run_address>
         <size>0x4</size>
      </object_component>
      <object_component id="oc-20a">
         <name>.common:CharacteristicList</name>
         <uninitialized>true</uninitialized>
         <run_address>0x20000220</run_address>
         <size>0xa0</size>
      </object_component>
      <object_component id="oc-1fa">
         <name>.common:NotifyCharacteristicList</name>
         <uninitialized>true</uninitialized>
         <run_address>0x200003e0</run_address>
         <size>0x50</size>
      </object_component>
      <object_component id="oc-12e">
         <name>.common:Data</name>
         <uninitialized>true</uninitialized>
         <run_address>0x2000046d</run_address>
         <size>0x1</size>
      </object_component>
      <object_component id="oc-134">
         <name>.common:Handle1</name>
         <uninitialized>true</uninitialized>
         <run_address>0x20000464</run_address>
         <size>0x2</size>
      </object_component>
      <object_component id="oc-13b">
         <name>.common:Handle2</name>
         <uninitialized>true</uninitialized>
         <run_address>0x20000466</run_address>
         <size>0x2</size>
      </object_component>
      <object_component id="oc-142">
         <name>.common:Handle3</name>
         <uninitialized>true</uninitialized>
         <run_address>0x20000468</run_address>
         <size>0x2</size>
      </object_component>
      <object_component id="oc-146">
         <name>.common:Count</name>
         <uninitialized>true</uninitialized>
         <run_address>0x2000046c</run_address>
         <size>0x1</size>
      </object_component>
      <object_component id="oc-14a">
         <name>.common:Handle4</name>
         <uninitialized>true</uninitialized>
         <run_address>0x2000046a</run_address>
         <size>0x2</size>
      </object_component>
      <object_component id="oc-14e">
         <name>.common:CCCDhandle</name>
         <uninitialized>true</uninitialized>
         <run_address>0x20000460</run_address>
         <size>0x2</size>
      </object_component>
      <object_component id="oc-14f">
         <name>.common:CCCDvalue</name>
         <uninitialized>true</uninitialized>
         <run_address>0x20000462</run_address>
         <size>0x2</size>
      </object_component>
      <object_component id="oc-d1">
         <name>.common:LogicData</name>
         <uninitialized>true</uninitialized>
         <run_address>0x2000046e</run_address>
         <size>0x1</size>
      </object_component>
      <object_component id="oc-d7">
         <name>.common:PeriodicTask2</name>
         <uninitialized>true</uninitialized>
         <run_address>0x20000448</run_address>
         <size>0x4</size>
      </object_component>
      <object_component id="oc-1c6">
         <name>.common:Messageindexb</name>
         <uninitialized>true</uninitialized>
         <run_address>0x20000440</run_address>
         <size>0x4</size>
      </object_component>
      <object_component id="oc-1c3">
         <name>.common:Messageb</name>
         <uninitialized>true</uninitialized>
         <run_address>0x20000430</run_address>
         <size>0x8</size>
      </object_component>
      <object_component id="oc-ca">
         <name>.common:RxPutI</name>
         <uninitialized>true</uninitialized>
         <run_address>0x20000454</run_address>
         <size>0x4</size>
      </object_component>
      <object_component id="oc-cd">
         <name>.common:RxGetI</name>
         <uninitialized>true</uninitialized>
         <run_address>0x20000450</run_address>
         <size>0x4</size>
      </object_component>
      <object_component id="oc-ce">
         <name>.common:RxFifoLost</name>
         <uninitialized>true</uninitialized>
         <run_address>0x2000044c</run_address>
         <size>0x4</size>
      </object_component>
      <object_component id="oc-cf">
         <name>.common:RxFIFO</name>
         <uninitialized>true</uninitialized>
         <run_address>0x20000120</run_address>
         <size>0x100</size>
      </object_component>
      <object_component id="oc-373">
         <name>.common:__TI_tmpnams</name>
         <uninitialized>true</uninitialized>
         <run_address>0x200002c0</run_address>
         <size>0xa0</size>
      </object_component>
      <object_component id="oc-3bb">
         <name>.common:parmbuf</name>
         <uninitialized>true</uninitialized>
         <run_address>0x20000438</run_address>
         <size>0x8</size>
      </object_component>
      <object_component id="oc-29">
         <name>.sysmem</name>
         <uninitialized>true</uninitialized>
         <run_address>0x20000470</run_address>
         <size>0x8</size>
         <input_file_ref idref="fl-e4"/>
      </object_component>
      <object_component id="oc-461">
         <name>.sysmem</name>
         <uninitialized>true</uninitialized>
         <run_address>0x20000470</run_address>
         <size>0x0</size>
      </object_component>
      <object_component id="oc-26">
         <name>.stack</name>
         <uninitialized>true</uninitialized>
         <run_address>0x2000fe00</run_address>
         <size>0x4</size>
         <input_file_ref idref="fl-d1"/>
      </object_component>
      <object_component id="oc-460">
         <name>.stack</name>
         <uninitialized>true</uninitialized>
         <run_address>0x2000fe00</run_address>
         <size>0x0</size>
      </object_component>
      <object_component id="oc-1c2">
         <name>.debug_info</name>
         <load_address>0x0</load_address>
         <run_address>0x0</run_address>
         <size>0x55a</size>
         <input_file_ref idref="fl-2"/>
      </object_component>
      <object_component id="oc-1ad">
         <name>.debug_info</name>
         <load_address>0x55a</load_address>
         <run_address>0x55a</run_address>
         <size>0x37e2</size>
         <input_file_ref idref="fl-2"/>
      </object_component>
      <object_component id="oc-e0">
         <name>.debug_info</name>
         <load_address>0x3d3c</load_address>
         <run_address>0x3d3c</run_address>
         <size>0x26b</size>
         <input_file_ref idref="fl-2"/>
      </object_component>
      <object_component id="oc-1b2">
         <name>.debug_info</name>
         <load_address>0x3fa7</load_address>
         <run_address>0x3fa7</run_address>
         <size>0x1055</size>
         <input_file_ref idref="fl-2"/>
      </object_component>
      <object_component id="oc-32">
         <name>.debug_info</name>
         <load_address>0x4ffc</load_address>
         <run_address>0x4ffc</run_address>
         <size>0x84</size>
         <input_file_ref idref="fl-2"/>
      </object_component>
      <object_component id="oc-1b7">
         <name>.debug_info</name>
         <load_address>0x5080</load_address>
         <run_address>0x5080</run_address>
         <size>0x297</size>
         <input_file_ref idref="fl-2"/>
      </object_component>
      <object_component id="oc-c5">
         <name>.debug_info</name>
         <load_address>0x5317</load_address>
         <run_address>0x5317</run_address>
         <size>0xbb</size>
         <input_file_ref idref="fl-2"/>
      </object_component>
      <object_component id="oc-123">
         <name>.debug_info</name>
         <load_address>0x53d2</load_address>
         <run_address>0x53d2</run_address>
         <size>0x97b</size>
         <input_file_ref idref="fl-3"/>
      </object_component>
      <object_component id="oc-1f7">
         <name>.debug_info</name>
         <load_address>0x5d4d</load_address>
         <run_address>0x5d4d</run_address>
         <size>0x116</size>
         <input_file_ref idref="fl-3"/>
      </object_component>
      <object_component id="oc-21b">
         <name>.debug_info</name>
         <load_address>0x5e63</load_address>
         <run_address>0x5e63</run_address>
         <size>0x104</size>
         <input_file_ref idref="fl-3"/>
      </object_component>
      <object_component id="oc-21e">
         <name>.debug_info</name>
         <load_address>0x5f67</load_address>
         <run_address>0x5f67</run_address>
         <size>0x106</size>
         <input_file_ref idref="fl-3"/>
      </object_component>
      <object_component id="oc-1fc">
         <name>.debug_info</name>
         <load_address>0x606d</load_address>
         <run_address>0x606d</run_address>
         <size>0x106</size>
         <input_file_ref idref="fl-3"/>
      </object_component>
      <object_component id="oc-1ff">
         <name>.debug_info</name>
         <load_address>0x6173</load_address>
         <run_address>0x6173</run_address>
         <size>0x102</size>
         <input_file_ref idref="fl-3"/>
      </object_component>
      <object_component id="oc-212">
         <name>.debug_info</name>
         <load_address>0x6275</load_address>
         <run_address>0x6275</run_address>
         <size>0x114</size>
         <input_file_ref idref="fl-3"/>
      </object_component>
      <object_component id="oc-20f">
         <name>.debug_info</name>
         <load_address>0x6389</load_address>
         <run_address>0x6389</run_address>
         <size>0x114</size>
         <input_file_ref idref="fl-3"/>
      </object_component>
      <object_component id="oc-215">
         <name>.debug_info</name>
         <load_address>0x649d</load_address>
         <run_address>0x649d</run_address>
         <size>0x11a</size>
         <input_file_ref idref="fl-3"/>
      </object_component>
      <object_component id="oc-218">
         <name>.debug_info</name>
         <load_address>0x65b7</load_address>
         <run_address>0x65b7</run_address>
         <size>0x116</size>
         <input_file_ref idref="fl-3"/>
      </object_component>
      <object_component id="oc-224">
         <name>.debug_info</name>
         <load_address>0x66cd</load_address>
         <run_address>0x66cd</run_address>
         <size>0x112</size>
         <input_file_ref idref="fl-3"/>
      </object_component>
      <object_component id="oc-221">
         <name>.debug_info</name>
         <load_address>0x67df</load_address>
         <run_address>0x67df</run_address>
         <size>0x114</size>
         <input_file_ref idref="fl-3"/>
      </object_component>
      <object_component id="oc-227">
         <name>.debug_info</name>
         <load_address>0x68f3</load_address>
         <run_address>0x68f3</run_address>
         <size>0x120</size>
         <input_file_ref idref="fl-3"/>
      </object_component>
      <object_component id="oc-20c">
         <name>.debug_info</name>
         <load_address>0x6a13</load_address>
         <run_address>0x6a13</run_address>
         <size>0x126</size>
         <input_file_ref idref="fl-3"/>
      </object_component>
      <object_component id="oc-205">
         <name>.debug_info</name>
         <load_address>0x6b39</load_address>
         <run_address>0x6b39</run_address>
         <size>0x10a</size>
         <input_file_ref idref="fl-3"/>
      </object_component>
      <object_component id="oc-208">
         <name>.debug_info</name>
         <load_address>0x6c43</load_address>
         <run_address>0x6c43</run_address>
         <size>0x114</size>
         <input_file_ref idref="fl-3"/>
      </object_component>
      <object_component id="oc-202">
         <name>.debug_info</name>
         <load_address>0x6d57</load_address>
         <run_address>0x6d57</run_address>
         <size>0x155</size>
         <input_file_ref idref="fl-3"/>
      </object_component>
      <object_component id="oc-11a">
         <name>.debug_info</name>
         <load_address>0x6eac</load_address>
         <run_address>0x6eac</run_address>
         <size>0x1cbe</size>
         <input_file_ref idref="fl-3"/>
      </object_component>
      <object_component id="oc-22e">
         <name>.debug_info</name>
         <load_address>0x8b6a</load_address>
         <run_address>0x8b6a</run_address>
         <size>0x155</size>
         <input_file_ref idref="fl-3"/>
      </object_component>
      <object_component id="oc-1ea">
         <name>.debug_info</name>
         <load_address>0x8cbf</load_address>
         <run_address>0x8cbf</run_address>
         <size>0x1b0</size>
         <input_file_ref idref="fl-5"/>
      </object_component>
      <object_component id="oc-10f">
         <name>.debug_info</name>
         <load_address>0x8e6f</load_address>
         <run_address>0x8e6f</run_address>
         <size>0x4aa</size>
         <input_file_ref idref="fl-5"/>
      </object_component>
      <object_component id="oc-108">
         <name>.debug_info</name>
         <load_address>0x9319</load_address>
         <run_address>0x9319</run_address>
         <size>0x46b</size>
         <input_file_ref idref="fl-6"/>
      </object_component>
      <object_component id="oc-1f0">
         <name>.debug_info</name>
         <load_address>0x9784</load_address>
         <run_address>0x9784</run_address>
         <size>0x186</size>
         <input_file_ref idref="fl-7"/>
      </object_component>
      <object_component id="oc-12f">
         <name>.debug_info</name>
         <load_address>0x990a</load_address>
         <run_address>0x990a</run_address>
         <size>0x9af</size>
         <input_file_ref idref="fl-a"/>
      </object_component>
      <object_component id="oc-126">
         <name>.debug_info</name>
         <load_address>0xa2b9</load_address>
         <run_address>0xa2b9</run_address>
         <size>0xe7</size>
         <input_file_ref idref="fl-a"/>
      </object_component>
      <object_component id="oc-129">
         <name>.debug_info</name>
         <load_address>0xa3a0</load_address>
         <run_address>0xa3a0</run_address>
         <size>0xe9</size>
         <input_file_ref idref="fl-a"/>
      </object_component>
      <object_component id="oc-12c">
         <name>.debug_info</name>
         <load_address>0xa489</load_address>
         <run_address>0xa489</run_address>
         <size>0xe9</size>
         <input_file_ref idref="fl-a"/>
      </object_component>
      <object_component id="oc-151">
         <name>.debug_info</name>
         <load_address>0xa572</load_address>
         <run_address>0xa572</run_address>
         <size>0xe5</size>
         <input_file_ref idref="fl-a"/>
      </object_component>
      <object_component id="oc-154">
         <name>.debug_info</name>
         <load_address>0xa657</load_address>
         <run_address>0xa657</run_address>
         <size>0xf5</size>
         <input_file_ref idref="fl-a"/>
      </object_component>
      <object_component id="oc-120">
         <name>.debug_info</name>
         <load_address>0xa74c</load_address>
         <run_address>0xa74c</run_address>
         <size>0xf7</size>
         <input_file_ref idref="fl-a"/>
      </object_component>
      <object_component id="oc-157">
         <name>.debug_info</name>
         <load_address>0xa843</load_address>
         <run_address>0xa843</run_address>
         <size>0xfd</size>
         <input_file_ref idref="fl-a"/>
      </object_component>
      <object_component id="oc-15a">
         <name>.debug_info</name>
         <load_address>0xa940</load_address>
         <run_address>0xa940</run_address>
         <size>0xf9</size>
         <input_file_ref idref="fl-a"/>
      </object_component>
      <object_component id="oc-160">
         <name>.debug_info</name>
         <load_address>0xaa39</load_address>
         <run_address>0xaa39</run_address>
         <size>0xf5</size>
         <input_file_ref idref="fl-a"/>
      </object_component>
      <object_component id="oc-15d">
         <name>.debug_info</name>
         <load_address>0xab2e</load_address>
         <run_address>0xab2e</run_address>
         <size>0xf7</size>
         <input_file_ref idref="fl-a"/>
      </object_component>
      <object_component id="oc-163">
         <name>.debug_info</name>
         <load_address>0xac25</load_address>
         <run_address>0xac25</run_address>
         <size>0x103</size>
         <input_file_ref idref="fl-a"/>
      </object_component>
      <object_component id="oc-166">
         <name>.debug_info</name>
         <load_address>0xad28</load_address>
         <run_address>0xad28</run_address>
         <size>0x109</size>
         <input_file_ref idref="fl-a"/>
      </object_component>
      <object_component id="oc-132">
         <name>.debug_info</name>
         <load_address>0xae31</load_address>
         <run_address>0xae31</run_address>
         <size>0xe9</size>
         <input_file_ref idref="fl-a"/>
      </object_component>
      <object_component id="oc-136">
         <name>.debug_info</name>
         <load_address>0xaf1a</load_address>
         <run_address>0xaf1a</run_address>
         <size>0xf3</size>
         <input_file_ref idref="fl-a"/>
      </object_component>
      <object_component id="oc-139">
         <name>.debug_info</name>
         <load_address>0xb00d</load_address>
         <run_address>0xb00d</run_address>
         <size>0xe9</size>
         <input_file_ref idref="fl-a"/>
      </object_component>
      <object_component id="oc-13d">
         <name>.debug_info</name>
         <load_address>0xb0f6</load_address>
         <run_address>0xb0f6</run_address>
         <size>0xf3</size>
         <input_file_ref idref="fl-a"/>
      </object_component>
      <object_component id="oc-140">
         <name>.debug_info</name>
         <load_address>0xb1e9</load_address>
         <run_address>0xb1e9</run_address>
         <size>0xe9</size>
         <input_file_ref idref="fl-a"/>
      </object_component>
      <object_component id="oc-144">
         <name>.debug_info</name>
         <load_address>0xb2d2</load_address>
         <run_address>0xb2d2</run_address>
         <size>0xf3</size>
         <input_file_ref idref="fl-a"/>
      </object_component>
      <object_component id="oc-148">
         <name>.debug_info</name>
         <load_address>0xb3c5</load_address>
         <run_address>0xb3c5</run_address>
         <size>0xe9</size>
         <input_file_ref idref="fl-a"/>
      </object_component>
      <object_component id="oc-14c">
         <name>.debug_info</name>
         <load_address>0xb4ae</load_address>
         <run_address>0xb4ae</run_address>
         <size>0xf3</size>
         <input_file_ref idref="fl-a"/>
      </object_component>
      <object_component id="oc-aa">
         <name>.debug_info</name>
         <load_address>0xb5a1</load_address>
         <run_address>0xb5a1</run_address>
         <size>0x80d</size>
         <input_file_ref idref="fl-a"/>
      </object_component>
      <object_component id="oc-d9">
         <name>.debug_info</name>
         <load_address>0xbdae</load_address>
         <run_address>0xbdae</run_address>
         <size>0xb4</size>
         <input_file_ref idref="fl-a"/>
      </object_component>
      <object_component id="oc-115">
         <name>.debug_info</name>
         <load_address>0xbe62</load_address>
         <run_address>0xbe62</run_address>
         <size>0x412</size>
         <input_file_ref idref="fl-b"/>
      </object_component>
      <object_component id="oc-30c">
         <name>.debug_info</name>
         <load_address>0xc274</load_address>
         <run_address>0xc274</run_address>
         <size>0x5dd</size>
         <input_file_ref idref="fl-d"/>
      </object_component>
      <object_component id="oc-281">
         <name>.debug_info</name>
         <load_address>0xc851</load_address>
         <run_address>0xc851</run_address>
         <size>0xcc</size>
         <input_file_ref idref="fl-d"/>
      </object_component>
      <object_component id="oc-d2">
         <name>.debug_info</name>
         <load_address>0xc91d</load_address>
         <run_address>0xc91d</run_address>
         <size>0x5af</size>
         <input_file_ref idref="fl-f"/>
      </object_component>
      <object_component id="oc-d5">
         <name>.debug_info</name>
         <load_address>0xcecc</load_address>
         <run_address>0xcecc</run_address>
         <size>0x193</size>
         <input_file_ref idref="fl-f"/>
      </object_component>
      <object_component id="oc-7b">
         <name>.debug_info</name>
         <load_address>0xd05f</load_address>
         <run_address>0xd05f</run_address>
         <size>0x22fc</size>
         <input_file_ref idref="fl-f"/>
      </object_component>
      <object_component id="oc-c3">
         <name>.debug_info</name>
         <load_address>0xf35b</load_address>
         <run_address>0xf35b</run_address>
         <size>0x585</size>
         <input_file_ref idref="fl-10"/>
      </object_component>
      <object_component id="oc-6e">
         <name>.debug_info</name>
         <load_address>0xf8e0</load_address>
         <run_address>0xf8e0</run_address>
         <size>0x349</size>
         <input_file_ref idref="fl-10"/>
      </object_component>
      <object_component id="oc-1c4">
         <name>.debug_info</name>
         <load_address>0xfc29</load_address>
         <run_address>0xfc29</run_address>
         <size>0x7a1</size>
         <input_file_ref idref="fl-11"/>
      </object_component>
      <object_component id="oc-103">
         <name>.debug_info</name>
         <load_address>0x103ca</load_address>
         <run_address>0x103ca</run_address>
         <size>0x1d54</size>
         <input_file_ref idref="fl-11"/>
      </object_component>
      <object_component id="oc-1e3">
         <name>.debug_info</name>
         <load_address>0x1211e</load_address>
         <run_address>0x1211e</run_address>
         <size>0x2c</size>
         <input_file_ref idref="fl-11"/>
      </object_component>
      <object_component id="oc-cb">
         <name>.debug_info</name>
         <load_address>0x1214a</load_address>
         <run_address>0x1214a</run_address>
         <size>0x5e5</size>
         <input_file_ref idref="fl-12"/>
      </object_component>
      <object_component id="oc-76">
         <name>.debug_info</name>
         <load_address>0x1272f</load_address>
         <run_address>0x1272f</run_address>
         <size>0x8a2</size>
         <input_file_ref idref="fl-12"/>
      </object_component>
      <object_component id="oc-81">
         <name>.debug_info</name>
         <load_address>0x12fd1</load_address>
         <run_address>0x12fd1</run_address>
         <size>0x2c4</size>
         <input_file_ref idref="fl-13"/>
      </object_component>
      <object_component id="oc-24">
         <name>.debug_info</name>
         <load_address>0x13295</load_address>
         <run_address>0x13295</run_address>
         <size>0xf0</size>
         <input_file_ref idref="fl-13"/>
      </object_component>
      <object_component id="oc-68">
         <name>.debug_info</name>
         <load_address>0x13385</load_address>
         <run_address>0x13385</run_address>
         <size>0x1b7</size>
         <input_file_ref idref="fl-13"/>
      </object_component>
      <object_component id="oc-1a8">
         <name>.debug_info</name>
         <load_address>0x1353c</load_address>
         <run_address>0x1353c</run_address>
         <size>0xe9</size>
         <input_file_ref idref="fl-14"/>
      </object_component>
      <object_component id="oc-bc">
         <name>.debug_info</name>
         <load_address>0x13625</load_address>
         <run_address>0x13625</run_address>
         <size>0x25b</size>
         <input_file_ref idref="fl-14"/>
      </object_component>
      <object_component id="oc-9c">
         <name>.debug_info</name>
         <load_address>0x13880</load_address>
         <run_address>0x13880</run_address>
         <size>0x313</size>
         <input_file_ref idref="fl-ce"/>
      </object_component>
      <object_component id="oc-4b">
         <name>.debug_info</name>
         <load_address>0x13b93</load_address>
         <run_address>0x13b93</run_address>
         <size>0x1aa</size>
         <input_file_ref idref="fl-ce"/>
      </object_component>
      <object_component id="oc-97">
         <name>.debug_info</name>
         <load_address>0x13d3d</load_address>
         <run_address>0x13d3d</run_address>
         <size>0x46</size>
         <input_file_ref idref="fl-ce"/>
      </object_component>
      <object_component id="oc-f8">
         <name>.debug_info</name>
         <load_address>0x13d83</load_address>
         <run_address>0x13d83</run_address>
         <size>0x2c</size>
         <input_file_ref idref="fl-ce"/>
      </object_component>
      <object_component id="oc-42">
         <name>.debug_info</name>
         <load_address>0x13daf</load_address>
         <run_address>0x13daf</run_address>
         <size>0x29d</size>
         <input_file_ref idref="fl-cf"/>
      </object_component>
      <object_component id="oc-1c">
         <name>.debug_info</name>
         <load_address>0x1404c</load_address>
         <run_address>0x1404c</run_address>
         <size>0x1df</size>
         <input_file_ref idref="fl-cf"/>
      </object_component>
      <object_component id="oc-3d">
         <name>.debug_info</name>
         <load_address>0x1422b</load_address>
         <run_address>0x1422b</run_address>
         <size>0x46</size>
         <input_file_ref idref="fl-cf"/>
      </object_component>
      <object_component id="oc-8f">
         <name>.debug_info</name>
         <load_address>0x14271</load_address>
         <run_address>0x14271</run_address>
         <size>0x2c</size>
         <input_file_ref idref="fl-cf"/>
      </object_component>
      <object_component id="oc-8d">
         <name>.debug_info</name>
         <load_address>0x1429d</load_address>
         <run_address>0x1429d</run_address>
         <size>0x293</size>
         <input_file_ref idref="fl-d0"/>
      </object_component>
      <object_component id="oc-16">
         <name>.debug_info</name>
         <load_address>0x14530</load_address>
         <run_address>0x14530</run_address>
         <size>0x245</size>
         <input_file_ref idref="fl-d0"/>
      </object_component>
      <object_component id="oc-2d">
         <name>.debug_info</name>
         <load_address>0x14775</load_address>
         <run_address>0x14775</run_address>
         <size>0x60</size>
         <input_file_ref idref="fl-d0"/>
      </object_component>
      <object_component id="oc-f1">
         <name>.debug_info</name>
         <load_address>0x147d5</load_address>
         <run_address>0x147d5</run_address>
         <size>0x46</size>
         <input_file_ref idref="fl-d0"/>
      </object_component>
      <object_component id="oc-88">
         <name>.debug_info</name>
         <load_address>0x1481b</load_address>
         <run_address>0x1481b</run_address>
         <size>0x39</size>
         <input_file_ref idref="fl-d0"/>
      </object_component>
      <object_component id="oc-27">
         <name>.debug_info</name>
         <load_address>0x14854</load_address>
         <run_address>0x14854</run_address>
         <size>0x100</size>
         <input_file_ref idref="fl-d1"/>
      </object_component>
      <object_component id="oc-57">
         <name>.debug_info</name>
         <load_address>0x14954</load_address>
         <run_address>0x14954</run_address>
         <size>0x1a4</size>
         <input_file_ref idref="fl-d1"/>
      </object_component>
      <object_component id="oc-263">
         <name>.debug_info</name>
         <load_address>0x14af8</load_address>
         <run_address>0x14af8</run_address>
         <size>0x3a2</size>
         <input_file_ref idref="fl-d2"/>
      </object_component>
      <object_component id="oc-25d">
         <name>.debug_info</name>
         <load_address>0x14e9a</load_address>
         <run_address>0x14e9a</run_address>
         <size>0x185</size>
         <input_file_ref idref="fl-d2"/>
      </object_component>
      <object_component id="oc-16b">
         <name>.debug_info</name>
         <load_address>0x1501f</load_address>
         <run_address>0x1501f</run_address>
         <size>0x117</size>
         <input_file_ref idref="fl-d2"/>
      </object_component>
      <object_component id="oc-171">
         <name>.debug_info</name>
         <load_address>0x15136</load_address>
         <run_address>0x15136</run_address>
         <size>0x179</size>
         <input_file_ref idref="fl-d2"/>
      </object_component>
      <object_component id="oc-2f5">
         <name>.debug_info</name>
         <load_address>0x152af</load_address>
         <run_address>0x152af</run_address>
         <size>0x2be</size>
         <input_file_ref idref="fl-d3"/>
      </object_component>
      <object_component id="oc-260">
         <name>.debug_info</name>
         <load_address>0x1556d</load_address>
         <run_address>0x1556d</run_address>
         <size>0x113</size>
         <input_file_ref idref="fl-d3"/>
      </object_component>
      <object_component id="oc-2ee">
         <name>.debug_info</name>
         <load_address>0x15680</load_address>
         <run_address>0x15680</run_address>
         <size>0x123</size>
         <input_file_ref idref="fl-d3"/>
      </object_component>
      <object_component id="oc-297">
         <name>.debug_info</name>
         <load_address>0x157a3</load_address>
         <run_address>0x157a3</run_address>
         <size>0x43a</size>
         <input_file_ref idref="fl-d4"/>
      </object_component>
      <object_component id="oc-1c8">
         <name>.debug_info</name>
         <load_address>0x15bdd</load_address>
         <run_address>0x15bdd</run_address>
         <size>0x2d0</size>
         <input_file_ref idref="fl-d4"/>
      </object_component>
      <object_component id="oc-34c">
         <name>.debug_info</name>
         <load_address>0x15ead</load_address>
         <run_address>0x15ead</run_address>
         <size>0xea</size>
         <input_file_ref idref="fl-d4"/>
      </object_component>
      <object_component id="oc-347">
         <name>.debug_info</name>
         <load_address>0x15f97</load_address>
         <run_address>0x15f97</run_address>
         <size>0x2c</size>
         <input_file_ref idref="fl-d4"/>
      </object_component>
      <object_component id="oc-2c6">
         <name>.debug_info</name>
         <load_address>0x15fc3</load_address>
         <run_address>0x15fc3</run_address>
         <size>0x139</size>
         <input_file_ref idref="fl-d6"/>
      </object_component>
      <object_component id="oc-1e0">
         <name>.debug_info</name>
         <load_address>0x160fc</load_address>
         <run_address>0x160fc</run_address>
         <size>0xf7</size>
         <input_file_ref idref="fl-d6"/>
      </object_component>
      <object_component id="oc-2a0">
         <name>.debug_info</name>
         <load_address>0x161f3</load_address>
         <run_address>0x161f3</run_address>
         <size>0x184</size>
         <input_file_ref idref="fl-d6"/>
      </object_component>
      <object_component id="oc-35c">
         <name>.debug_info</name>
         <load_address>0x16377</load_address>
         <run_address>0x16377</run_address>
         <size>0xb2</size>
         <input_file_ref idref="fl-d6"/>
      </object_component>
      <object_component id="oc-2a3">
         <name>.debug_info</name>
         <load_address>0x16429</load_address>
         <run_address>0x16429</run_address>
         <size>0x40a</size>
         <input_file_ref idref="fl-d7"/>
      </object_component>
      <object_component id="oc-29a">
         <name>.debug_info</name>
         <load_address>0x16833</load_address>
         <run_address>0x16833</run_address>
         <size>0x1f2</size>
         <input_file_ref idref="fl-d7"/>
      </object_component>
      <object_component id="oc-2b8">
         <name>.debug_info</name>
         <load_address>0x16a25</load_address>
         <run_address>0x16a25</run_address>
         <size>0x16b</size>
         <input_file_ref idref="fl-d7"/>
      </object_component>
      <object_component id="oc-1d6">
         <name>.debug_info</name>
         <load_address>0x16b90</load_address>
         <run_address>0x16b90</run_address>
         <size>0x1d9</size>
         <input_file_ref idref="fl-d7"/>
      </object_component>
      <object_component id="oc-1cf">
         <name>.debug_info</name>
         <load_address>0x16d69</load_address>
         <run_address>0x16d69</run_address>
         <size>0x1c2</size>
         <input_file_ref idref="fl-d7"/>
      </object_component>
      <object_component id="oc-e7">
         <name>.debug_info</name>
         <load_address>0x16f2b</load_address>
         <run_address>0x16f2b</run_address>
         <size>0x2c</size>
         <input_file_ref idref="fl-d7"/>
      </object_component>
      <object_component id="oc-315">
         <name>.debug_info</name>
         <load_address>0x16f57</load_address>
         <run_address>0x16f57</run_address>
         <size>0x421</size>
         <input_file_ref idref="fl-d8"/>
      </object_component>
      <object_component id="oc-287">
         <name>.debug_info</name>
         <load_address>0x17378</load_address>
         <run_address>0x17378</run_address>
         <size>0x187</size>
         <input_file_ref idref="fl-d8"/>
      </object_component>
      <object_component id="oc-3d9">
         <name>.debug_info</name>
         <load_address>0x174ff</load_address>
         <run_address>0x174ff</run_address>
         <size>0x1e0</size>
         <input_file_ref idref="fl-d8"/>
      </object_component>
      <object_component id="oc-3e3">
         <name>.debug_info</name>
         <load_address>0x176df</load_address>
         <run_address>0x176df</run_address>
         <size>0x3f7</size>
         <input_file_ref idref="fl-d9"/>
      </object_component>
      <object_component id="oc-353">
         <name>.debug_info</name>
         <load_address>0x17ad6</load_address>
         <run_address>0x17ad6</run_address>
         <size>0x23a</size>
         <input_file_ref idref="fl-d9"/>
      </object_component>
      <object_component id="oc-3d3">
         <name>.debug_info</name>
         <load_address>0x17d10</load_address>
         <run_address>0x17d10</run_address>
         <size>0x120</size>
         <input_file_ref idref="fl-d9"/>
      </object_component>
      <object_component id="oc-2be">
         <name>.debug_info</name>
         <load_address>0x17e30</load_address>
         <run_address>0x17e30</run_address>
         <size>0x369</size>
         <input_file_ref idref="fl-da"/>
      </object_component>
      <object_component id="oc-1dd">
         <name>.debug_info</name>
         <load_address>0x18199</load_address>
         <run_address>0x18199</run_address>
         <size>0x200</size>
         <input_file_ref idref="fl-da"/>
      </object_component>
      <object_component id="oc-2bf">
         <name>.debug_info</name>
[...]
         <name>RxFifo_Get</name>
         <value>0x29c5</value>
         <object_component_ref idref="oc-73"/>
      </symbol>
      <symbol id="sm-557">
         <name>UART1_OutChar</name>
         <value>0x2a79</value>
         <object_component_ref idref="oc-73"/>
      </symbol>
      <symbol id="sm-558">
         <name>UART1_InChar</name>
         <value>0x2a67</value>
         <object_component_ref idref="oc-73"/>
      </symbol>
      <symbol id="sm-559">
         <name>UART1_InStatus</name>
         <value>0x29fb</value>
         <object_component_ref idref="oc-73"/>
      </symbol>
      <symbol id="sm-55a">
         <name>EUSCIA2_IRQHandler</name>
         <value>0x2a95</value>
         <object_component_ref idref="oc-73"/>
      </symbol>
      <symbol id="sm-55b">
         <name>UART1_OutString</name>
         <value>0x2aab</value>
         <object_component_ref idref="oc-73"/>
      </symbol>
      <symbol id="sm-55c">
         <name>RxFifo_Put</name>
         <value>0x297f</value>
         <object_component_ref idref="oc-73"/>
      </symbol>
      <symbol id="sm-55d">
         <name>UART1_Init</name>
         <value>0x2a0b</value>
         <object_component_ref idref="oc-73"/>
      </symbol>
      <symbol id="sm-55e">
         <name>UART1_FinishOutput</name>
         <value>0x2ac9</value>
         <object_component_ref idref="oc-73"/>
      </symbol>
      <symbol id="sm-55f">
         <name>RxFifo_Init</name>
         <value>0x296d</value>
         <object_component_ref idref="oc-73"/>
      </symbol>
      <symbol id="sm-574">
         <name>Reset_Handler</name>
         <value>0x3a5f</value>
         <object_component_ref idref="oc-67"/>
      </symbol>
      <symbol id="sm-575">
         <name>Default_Handler</name>
         <value>0x3a6b</value>
         <object_component_ref idref="oc-67"/>
      </symbol>
      <symbol id="sm-576">
         <name>interruptVectors</name>
         <value>0x0</value>
         <object_component_ref idref="oc-23"/>
      </symbol>
      <symbol id="sm-5bc">
         <name>SystemInit</name>
         <value>0x26d5</value>
         <object_component_ref idref="oc-bb"/>
      </symbol>
      <symbol id="sm-5bd">
         <name>SystemCoreClockUpdate</name>
         <value>0x2461</value>
         <object_component_ref idref="oc-bb"/>
      </symbol>
      <symbol id="sm-5be">
         <name>SystemCoreClock</name>
         <value>0x20000b88</value>
         <object_component_ref idref="oc-1a7"/>
      </symbol>
      <symbol id="sm-5d5">
         <name>__TI_zero_init</name>
         <value>0x3a6d</value>
         <object_component_ref idref="oc-49"/>
      </symbol>
      <symbol id="sm-5ec">
         <name>__TI_decompress_none</name>
         <value>0x3a51</value>
         <object_component_ref idref="oc-1a"/>
      </symbol>
      <symbol id="sm-60f">
         <name>__TI_decompress_lzss</name>
         <value>0x33e9</value>
         <object_component_ref idref="oc-14"/>
      </symbol>
      <symbol id="sm-622">
         <name>__stack</name>
         <value>0x2000fe00</value>
         <object_component_ref idref="oc-26"/>
      </symbol>
      <symbol id="sm-623">
         <name>_c_int00_noargs</name>
         <value>0x37d5</value>
         <object_component_ref idref="oc-55"/>
      </symbol>
      <symbol id="sm-649">
         <name>C$$EXIT</name>
         <value>0x3a7d</value>
         <object_component_ref idref="oc-169"/>
      </symbol>
      <symbol id="sm-64a">
         <name>abort</name>
         <value>0x3a7d</value>
         <object_component_ref idref="oc-169"/>
      </symbol>
      <symbol id="sm-64b">
         <name>__TI_dtors_ptr</name>
         <value>0x20000b1c</value>
         <object_component_ref idref="oc-25c"/>
      </symbol>
      <symbol id="sm-64c">
         <name>__TI_cleanup_ptr</name>
         <value>0x20000b18</value>
         <object_component_ref idref="oc-25c"/>
      </symbol>
      <symbol id="sm-64d">
         <name>__TI_enable_exit_profile_output</name>
         <value>0x20000b20</value>
         <object_component_ref idref="oc-25c"/>
      </symbol>
      <symbol id="sm-64e">
         <name>exit</name>
         <value>0x3609</value>
         <object_component_ref idref="oc-16f"/>
      </symbol>
      <symbol id="sm-663">
         <name>_nop</name>
         <value>0x322b</value>
         <object_component_ref idref="oc-2ed"/>
      </symbol>
      <symbol id="sm-664">
         <name>_lock</name>
         <value>0x20000b6c</value>
         <object_component_ref idref="oc-25f"/>
      </symbol>
      <symbol id="sm-665">
         <name>_unlock</name>
         <value>0x20000b70</value>
         <object_component_ref idref="oc-25f"/>
      </symbol>
      <symbol id="sm-68a">
         <name>add_device</name>
         <value>0x2f11</value>
         <object_component_ref idref="oc-1c7"/>
      </symbol>
      <symbol id="sm-6a5">
         <name>__TI_tmpnams</name>
         <value>0x200002c0</value>
      </symbol>
      <symbol id="sm-6a6">
         <name>__aeabi_stdout</name>
         <value>0x20000b00</value>
         <object_component_ref idref="oc-29f"/>
      </symbol>
      <symbol id="sm-6a7">
         <name>__aeabi_stderr</name>
         <value>0x20000b04</value>
         <object_component_ref idref="oc-29f"/>
      </symbol>
      <symbol id="sm-6a8">
         <name>__aeabi_stdin</name>
         <value>0x20000afc</value>
         <object_component_ref idref="oc-29f"/>
      </symbol>
      <symbol id="sm-6a9">
         <name>_ftable</name>
         <value>0x20000870</value>
         <object_component_ref idref="oc-1df"/>
      </symbol>
      <symbol id="sm-6aa">
         <name>__TI_ft_end</name>
         <value>0x20000af8</value>
         <object_component_ref idref="oc-29f"/>
      </symbol>
      <symbol id="sm-6fd">
         <name>__TI_cleanup</name>
         <value>0x387d</value>
         <object_component_ref idref="oc-2b7"/>
      </symbol>
      <symbol id="sm-6fe">
         <name>freopen</name>
         <value>0x38e5</value>
         <object_component_ref idref="oc-1d3"/>
      </symbol>
      <symbol id="sm-6ff">
         <name>fopen</name>
         <value>0x3079</value>
         <object_component_ref idref="oc-1cd"/>
      </symbol>
      <symbol id="sm-71d">
         <name>finddevice</name>
         <value>0x3919</value>
         <object_component_ref idref="oc-286"/>
      </symbol>
      <symbol id="sm-71e">
         <name>getdevice</name>
         <value>0x371d</value>
         <object_component_ref idref="oc-3d8"/>
      </symbol>
      <symbol id="sm-740">
         <name>open</name>
         <value>0x2e55</value>
         <object_component_ref idref="oc-351"/>
      </symbol>
      <symbol id="sm-761">
         <name>setvbuf</name>
         <value>0x2b11</value>
         <object_component_ref idref="oc-1d9"/>
      </symbol>
      <symbol id="sm-771">
         <name>strchr</name>
         <value>0x3a01</value>
         <object_component_ref idref="oc-411"/>
      </symbol>
      <symbol id="sm-780">
         <name>strcmp</name>
         <value>0x39e9</value>
         <object_component_ref idref="oc-30e"/>
      </symbol>
      <symbol id="sm-790">
         <name>strncpy</name>
         <value>0x3845</value>
         <object_component_ref idref="oc-28c"/>
      </symbol>
      <symbol id="sm-7ac">
         <name>_stream</name>
         <value>0x200009d8</value>
         <object_component_ref idref="oc-3df"/>
      </symbol>
      <symbol id="sm-7ad">
         <name>_device</name>
         <value>0x20000960</value>
         <object_component_ref idref="oc-293"/>
      </symbol>
      <symbol id="sm-7ae">
         <name>write</name>
         <value>0x399d</value>
         <object_component_ref idref="oc-3e4"/>
      </symbol>
      <symbol id="sm-7c9">
         <name>memcpy</name>
         <value>0x3115</value>
         <object_component_ref idref="oc-37"/>
      </symbol>
      <symbol id="sm-7ca">
         <name>__aeabi_memcpy</name>
         <value>0x3115</value>
         <object_component_ref idref="oc-37"/>
      </symbol>
      <symbol id="sm-7cb">
         <name>__aeabi_memcpy8</name>
         <value>0x3115</value>
         <object_component_ref idref="oc-37"/>
      </symbol>
      <symbol id="sm-7cc">
         <name>__aeabi_memcpy4</name>
         <value>0x3115</value>
         <object_component_ref idref="oc-37"/>
      </symbol>
      <symbol id="sm-7db">
         <name>__aeabi_memset</name>
         <value>0x31b3</value>
         <object_component_ref idref="oc-9d"/>
      </symbol>
      <symbol id="sm-7dc">
         <name>memset</name>
         <value>0x31b9</value>
         <object_component_ref idref="oc-9d"/>
      </symbol>
      <symbol id="sm-7dd">
         <name>__aeabi_memset8</name>
         <value>0x31b3</value>
         <object_component_ref idref="oc-9d"/>
      </symbol>
      <symbol id="sm-7de">
         <name>__aeabi_memset4</name>
         <value>0x31b3</value>
         <object_component_ref idref="oc-9d"/>
      </symbol>
      <symbol id="sm-7df">
         <name>__aeabi_memclr8</name>
         <value>0x31b1</value>
         <object_component_ref idref="oc-9d"/>
      </symbol>
      <symbol id="sm-7e0">
         <name>__aeabi_memclr4</name>
         <value>0x31b1</value>
         <object_component_ref idref="oc-9d"/>
      </symbol>
      <symbol id="sm-7e1">
         <name>__aeabi_memclr</name>
         <value>0x31b1</value>
         <object_component_ref idref="oc-9d"/>
      </symbol>
      <symbol id="sm-809">
         <name>__TI_auto_init_nobinit_nopinit</name>
         <value>0x36d9</value>
         <object_component_ref idref="oc-175"/>
      </symbol>
      <symbol id="sm-813">
         <name>_system_pre_init</name>
         <value>0x3a79</value>
         <object_component_ref idref="oc-a3"/>
      </symbol>
      <symbol id="sm-88a">
         <name>_sys_memory</name>
         <value>0x20000470</value>
         <object_component_ref idref="oc-29"/>
      </symbol>
      <symbol id="sm-88b">
         <name>free</name>
         <value>0x2bed</value>
         <object_component_ref idref="oc-2ab"/>
      </symbol>
      <symbol id="sm-88c">
         <name>malloc</name>
         <value>0x322d</value>
         <object_component_ref idref="oc-2b1"/>
      </symbol>
      <symbol id="sm-88d">
         <name>minit</name>
         <value>0x380d</value>
         <object_component_ref idref="oc-376"/>
      </symbol>
      <symbol id="sm-8a2">
         <name>__TI_closefile</name>
         <value>0x32a5</value>
         <object_component_ref idref="oc-2a4"/>
      </symbol>
      <symbol id="sm-8b2">
         <name>__TI_doflush</name>
         <value>0x35bd</value>
         <object_component_ref idref="oc-361"/>
      </symbol>
      <symbol id="sm-8c4">
         <name>HOSTclose</name>
         <value>0x3651</value>
         <object_component_ref idref="oc-31e"/>
      </symbol>
      <symbol id="sm-8d5">
         <name>HOSTlseek</name>
         <value>0x3319</value>
         <object_component_ref idref="oc-330"/>
      </symbol>
      <symbol id="sm-8e7">
         <name>parmbuf</name>
         <value>0x20000438</value>
      </symbol>
      <symbol id="sm-8e8">
         <name>HOSTopen</name>
         <value>0x3451</value>
         <object_component_ref idref="oc-318"/>
      </symbol>
      <symbol id="sm-8f9">
         <name>HOSTread</name>
         <value>0x350d</value>
         <object_component_ref idref="oc-324"/>
      </symbol>
      <symbol id="sm-90a">
         <name>HOSTrename</name>
         <value>0x3381</value>
         <object_component_ref idref="oc-33c"/>
      </symbol>
      <symbol id="sm-91b">
         <name>HOSTunlink</name>
         <value>0x3695</value>
         <object_component_ref idref="oc-336"/>
      </symbol>
      <symbol id="sm-92c">
         <name>HOSTwrite</name>
         <value>0x3565</value>
         <object_component_ref idref="oc-32a"/>
      </symbol>
      <symbol id="sm-950">
         <name>__TI_readmsg</name>
         <value>0x38b1</value>
         <object_component_ref idref="oc-3b5"/>
      </symbol>
      <symbol id="sm-951">
         <name>C$$IO$$</name>
         <value>0x37cb</value>
         <object_component_ref idref="oc-3af"/>
      </symbol>
      <symbol id="sm-952">
         <name>__CIOBUF_</name>
         <value>0x20000000</value>
         <object_component_ref idref="oc-3fb"/>
      </symbol>
      <symbol id="sm-953">
         <name>__TI_writemsg</name>
         <value>0x379d</value>
         <object_component_ref idref="oc-3af"/>
      </symbol>
      <symbol id="sm-963">
         <name>unlink</name>
         <value>0x3949</value>
         <object_component_ref idref="oc-36d"/>
      </symbol>
      <symbol id="sm-977">
         <name>close</name>
         <value>0x34b1</value>
         <object_component_ref idref="oc-367"/>
      </symbol>
      <symbol id="sm-985">
         <name>strcpy</name>
         <value>0x3a17</value>
         <object_component_ref idref="oc-3c9"/>
      </symbol>
      <symbol id="sm-993">
         <name>strlen</name>
         <value>0x3a2b</value>
         <object_component_ref idref="oc-3a9"/>
      </symbol>
      <symbol id="sm-994">
         <name>__TI_static_base__</name>
         <value>0x0</value>
      </symbol>
      <symbol id="sm-997">
         <name>__mpu_init</name>
         <value>0x0</value>
      </symbol>
      <symbol id="sm-998">
         <name>_system_post_cinit</name>
         <value>0x0</value>
      </symbol>
      <symbol id="sm-999">
         <name>NMI_Handler</name>
         <value>0x3a6b</value>
      </symbol>
      <symbol id="sm-99a">
         <name>HardFault_Handler</name>
         <value>0x3a6b</value>
      </symbol>
      <symbol id="sm-99b">
         <name>MemManage_Handler</name>
         <value>0x3a6b</value>
      </symbol>
      <symbol id="sm-99c">
         <name>BusFault_Handler</name>
         <value>0x3a6b</value>
      </symbol>
      <symbol id="sm-99d">
         <name>UsageFault_Handler</name>
         <value>0x3a6b</value>
      </symbol>
      <symbol id="sm-99e">
         <name>SVC_Handler</name>
         <value>0x3a6b</value>
      </symbol>
      <symbol id="sm-99f">
         <name>DebugMon_Handler</name>
         <value>0x3a6b</value>
      </symbol>
      <symbol id="sm-9a0">
         <name>PendSV_Handler</name>
         <value>0x3a6b</value>
      </symbol>
      <symbol id="sm-9a1">
         <name>SysTick_Handler</name>
         <value>0x3a6b</value>
      </symbol>
      <symbol id="sm-9a2">
         <name>PSS_IRQHandler</name>
         <value>0x3a6b</value>
      </symbol>
      <symbol id="sm-9a3">
         <name>CS_IRQHandler</name>
         <value>0x3a6b</value>
      </symbol>
      <symbol id="sm-9a4">
         <name>PCM_IRQHandler</name>
         <value>0x3a6b</value>
      </symbol>
      <symbol id="sm-9a5">
         <name>WDT_A_IRQHandler</name>
         <value>0x3a6b</value>
      </symbol>
      <symbol id="sm-9a6">
         <name>FPU_IRQHandler</name>
         <value>0x3a6b</value>
      </symbol>
      <symbol id="sm-9a7">
         <name>FLCTL_IRQHandler</name>
         <value>0x3a6b</value>
      </symbol>
      <symbol id="sm-9a8">
         <name>COMP_E0_IRQHandler</name>
         <value>0x3a6b</value>
      </symbol>
      <symbol id="sm-9a9">
         <name>COMP_E1_IRQHandler</name>
         <value>0x3a6b</value>
      </symbol>
      <symbol id="sm-9aa">
         <name>TA0_0_IRQHandler</name>
         <value>0x3a6b</value>
      </symbol>
      <symbol id="sm-9ab">
         <name>TA0_N_IRQHandler</name>
         <value>0x3a6b</value>
      </symbol>
      <symbol id="sm-9ac">
         <name>TA1_0_IRQHandler</name>
         <value>0x3a4f</value>
      </symbol>
      <symbol id="sm-9ad">
         <name>TA1_N_IRQHandler</name>
         <value>0x3a6b</value>
      </symbol>
      <symbol id="sm-9ae">
         <name>TA2_0_IRQHandler</name>
         <value>0x3a6b</value>
      </symbol>
      <symbol id="sm-9af">
         <name>TA2_N_IRQHandler</name>
         <value>0x3a6b</value>
      </symbol>
      <symbol id="sm-9b0">
         <name>TA3_0_IRQHandler</name>
         <value>0x3a6b</value>
      </symbol>
      <symbol id="sm-9b1">
         <name>TA3_N_IRQHandler</name>
         <value>0x3a6b</value>
      </symbol>
      <symbol id="sm-9b2">
         <name>EUSCIA0_IRQHandler</name>
         <value>0x3a6b</value>
      </symbol>
      <symbol id="sm-9b3">
         <name>EUSCIA1_IRQHandler</name>
         <value>0x3a6b</value>
      </symbol>
      <symbol id="sm-9b4">
         <name>EUSCIA2_IRQHandler</name>
         <value>0x2a95</value>
      </symbol>
      <symbol id="sm-9b5">
         <name>EUSCIA3_IRQHandler</name>
         <value>0x3a6b</value>
      </symbol>
      <symbol id="sm-9b6">
         <name>EUSCIB0_IRQHandler</name>
         <value>0x3a6b</value>
      </symbol>
      <symbol id="sm-9b7">
         <name>EUSCIB1_IRQHandler</name>
         <value>0x3a6b</value>
      </symbol>
      <symbol id="sm-9b8">
         <name>EUSCIB2_IRQHandler</name>
         <value>0x3a6b</value>
      </symbol>
      <symbol id="sm-9b9">
         <name>EUSCIB3_IRQHandler</name>
         <value>0x3a6b</value>
      </symbol>
      <symbol id="sm-9ba">
         <name>ADC14_IRQHandler</name>
         <value>0x3a6b</value>
      </symbol>
      <symbol id="sm-9bb">
         <name>T32_INT1_IRQHandler</name>
         <value>0x200d</value>
      </symbol>
      <symbol id="sm-9bc">
         <name>T32_INT2_IRQHandler</name>
         <value>0x3a6b</value>
      </symbol>
      <symbol id="sm-9bd">
         <name>T32_INTC_IRQHandler</name>
         <value>0x3a6b</value>
      </symbol>
      <symbol id="sm-9be">
         <name>AES256_IRQHandler</name>
         <value>0x3a6b</value>
      </symbol>
      <symbol id="sm-9bf">
         <name>RTC_C_IRQHandler</name>
         <value>0x3a6b</value>
      </symbol>
      <symbol id="sm-9c0">
         <name>DMA_ERR_IRQHandler</name>
         <value>0x3a6b</value>
      </symbol>
      <symbol id="sm-9c1">
         <name>DMA_INT3_IRQHandler</name>
         <value>0x3a6b</value>
      </symbol>
      <symbol id="sm-9c2">
         <name>DMA_INT2_IRQHandler</name>
         <value>0x3a6b</value>
      </symbol>
      <symbol id="sm-9c3">
         <name>DMA_INT1_IRQHandler</name>
         <value>0x3a6b</value>
      </symbol>
      <symbol id="sm-9c4">
         <name>DMA_INT0_IRQHandler</name>
         <value>0x3a6b</value>
      </symbol>
      <symbol id="sm-9c5">
         <name>PORT1_IRQHandler</name>
         <value>0x3a6b</value>
      </symbol>
      <symbol id="sm-9c6">
         <name>PORT2_IRQHandler</name>
         <value>0x3a6b</value>
      </symbol>
      <symbol id="sm-9c7">
         <name>PORT3_IRQHandler</name>
         <value>0x3a6b</value>
      </symbol>
      <symbol id="sm-9c8">
         <name>PORT4_IRQHandler</name>
         <value>0x3a6b</value>
      </symbol>
      <symbol id="sm-9c9">
         <name>PORT5_IRQHandler</name>
         <value>0x3a6b</value>
      </symbol>
      <symbol id="sm-9ca">
         <name>PORT6_IRQHandler</name>
         <value>0x3a6b</value>
      </symbol>
      <symbol id="sm-9cb">
         <name>remove</name>
         <value>0x3949</value>
      </symbol>
   </symbol_table>
   <title>Link successful</title>
</link_info>
