******************************************************************************
                  TI ARM Linker PC v18.1.1                     
******************************************************************************
>> Linked Wed Jun 13 20:57:24 2018

OUTPUT FILE NAME:   <tech_code.out>
ENTRY POINT SYMBOL: "_c_int00_noargs"  address: 000037d5


MEMORY CONFIGURATION

         name            origin    length      used     unused   attr    fill
----------------------  --------  ---------  --------  --------  ----  --------
  MAIN                  00000000   00040000  00003ce9  0003c317  R  X
  INFO                  00200000   00004000  00000000  00004000  R  X
  SRAM_CODE             01000000   00010000  00000d8b  0000f275  RW X
  SRAM_DATA             20000000   00010000  00000d8b  0000f275  RW  


SEGMENT ALLOCATION MAP

run origin  load origin   length   init length attrs members
----------  ----------- ---------- ----------- ----- -------
00000000    00000000    00003cf0   00003cf0    r-x
  00000000    00000000    000000e4   000000e4    r-- .intvecs
  000000e4    000000e4    0000399c   0000399c    r-x .text
  00003a80    00003a80    00000131   00000131    r-- .const
  00003bb8    00003bb8    00000138   00000138    r-- .cinit
20000000    20000000    00000b8c   00000000    rw-
  20000000    20000000    0000046f   00000000    rw- .bss
  20000470    20000470    00000400   00000000    rw- .sysmem
  20000870    20000870    0000031c   00000000    rw- .data
2000fe00    2000fe00    00000200   00000000    rw-
  2000fe00    2000fe00    00000200   00000000    rw- .stack


SECTION ALLOCATION MAP

 output                                  attributes/
section   page    origin      length       input sections
--------  ----  ----------  ----------   ----------------
.intvecs   0    00000000    000000e4     
                  00000000    000000e4     startup_msp432p401r_ccs.obj (.intvecs:retain)

.text      0    000000e4    0000399c     
                  000000e4    00000fc4     AP.obj (.text)
                  000010a8    000006cc     Lab19_TestMain.obj (.text)
                  00001774    000006bc     UART0.obj (.text)
                  00001e30    00000630     TExaS.obj (.text)
                  00002460    0000032c     system_msp432p401r.obj (.text)
                  0000278c    000001e0     Clock.obj (.text)
                  0000296c    000001a4     UART1.obj (.text)
                  00002b10    000000dc     rtsv7M4_T_le_v4SPD16_eabi.lib : setvbuf.c.obj (.text:setvbuf)
                  00002bec    000000d8                                   : memory.c.obj (.text:free)
                  00002cc4    000000d0                                   : fopen.c.obj (.text:_openfile)
                  00002d94    000000c0     GPIO.obj (.text)
                  00002e54    000000bc     rtsv7M4_T_le_v4SPD16_eabi.lib : open.c.obj (.text:open)
                  00002f10    000000b8                                   : add_device.c.obj (.text:add_device)
                  00002fc8    000000b0     LaunchPad.obj (.text)
                  00003078    0000009c     rtsv7M4_T_le_v4SPD16_eabi.lib : fopen.c.obj (.text:fopen)
                  00003114    0000009c                                   : memcpy_t2.asm.obj (.text)
                  000031b0    0000007a                                   : memset_t2.asm.obj (.text)
                  0000322a    00000002                                   : _lock.c.obj (.text:_nop)
                  0000322c    00000078                                   : memory.c.obj (.text:malloc)
                  000032a4    00000074                                   : fclose.c.obj (.text:__TI_closefile)
                  00003318    00000068                                   : hostlseek.c.obj (.text:HOSTlseek)
                  00003380    00000068                                   : hostrename.c.obj (.text:HOSTrename)
                  000033e8    00000068                                   : copy_decompress_lzss.c.obj (.text:decompress:lzss:__TI_decompress_lzss)
                  00003450    00000060                                   : hostopen.c.obj (.text:HOSTopen)
                  000034b0    0000005c                                   : close.c.obj (.text:close)
                  0000350c    00000058                                   : hostread.c.obj (.text:HOSTread)
                  00003564    00000058                                   : hostwrite.c.obj (.text:HOSTwrite)
                  000035bc    0000004c                                   : fflush.c.obj (.text:__TI_doflush)
                  00003608    00000048                                   : exit.c.obj (.text:exit)
                  00003650    00000044                                   : hostclose.c.obj (.text:HOSTclose)
                  00003694    00000044                                   : hostunlink.c.obj (.text:HOSTunlink)
                  000036d8    00000044                                   : autoinit.c.obj (.text:__TI_auto_init_nobinit_nopinit:__TI_auto_init_nobinit_nopinit)
                  0000371c    00000044                                   : getdevice.c.obj (.text:getdevice)
                  00003760    0000003c                                   : memory.c.obj (.text:minsert)
                  0000379c    00000038                                   : trgmsg.c.obj (.text:__TI_writemsg)
                  000037d4    00000038                                   : boot_cortex_m.c.obj (.text:_c_int00_noargs:_c_int00_noargs)
                  0000380c    00000038                                   : memory.c.obj (.text:minit)
                  00003844    00000036                                   : strncpy.c.obj (.text:strncpy)
                  0000387a    00000002     --HOLE-- [fill = 0]
                  0000387c    00000034                                   : fopen.c.obj (.text:__TI_cleanup)
                  000038b0    00000034                                   : trgmsg.c.obj (.text:__TI_readmsg)
                  000038e4    00000034                                   : fopen.c.obj (.text:freopen)
                  00003918    00000030                                   : getdevice.c.obj (.text:finddevice)
                  00003948    0000002c                                   : unlink.c.obj (.text:unlink)
                  00003974    00000028                                   : memory.c.obj (.text:mremove)
                  0000399c    00000028                                   : write.c.obj (.text:write)
                  000039c4    00000024     CortexM.obj (.text)
                  000039e8    00000018     rtsv7M4_T_le_v4SPD16_eabi.lib : strcmp.c.obj (.text:strcmp)
                  00003a00    00000016                                   : strchr.c.obj (.text:strchr)
                  00003a16    00000014                                   : strcpy.c.obj (.text:strcpy)
                  00003a2a    00000014                                   : strlen.c.obj (.text:strlen)
                  00003a3e    00000012     TimerA1.obj (.text)
                  00003a50    0000000e     rtsv7M4_T_le_v4SPD16_eabi.lib : copy_decompress_none.c.obj (.text:decompress:none:__TI_decompress_none)
                  00003a5e    0000000e     startup_msp432p401r_ccs.obj (.text)
                  00003a6c    0000000c     rtsv7M4_T_le_v4SPD16_eabi.lib : copy_zero_init.c.obj (.text:decompress:ZI:__TI_zero_init)
                  00003a78    00000004                                   : pre_init.c.obj (.text:_system_pre_init)
                  00003a7c    00000004                                   : exit.c.obj (.text:abort:abort)

.const     0    00003a80    00000131     
                  00003a80    0000001c     Lab19_TestMain.obj (.const:.string:NPI_SetAdvertisementDataMsg)
                  00003a9c    00000015     Lab19_TestMain.obj (.const:.string:NPI_AddCharDescriptor2)
                  00003ab1    00000014     AP.obj (.const:.string:NPI_StartAdvertisement)
                  00003ac5    00000014     Lab19_TestMain.obj (.const:.string:NPI_StartAdvertisementMsg)
                  00003ad9    00000013     Lab19_TestMain.obj (.const:.string:NPI_AddCharDescriptor4)
                  00003aec    00000013     Lab19_TestMain.obj (.const:.string:NPI_GATTSetDeviceNameMsg)
                  00003aff    00000011     Lab19_TestMain.obj (.const:.string:NPI_AddCharDescriptor1)
                  00003b10    00000011     Lab19_TestMain.obj (.const:.string:NPI_AddCharDescriptor3)
                  00003b21    00000011     AP.obj (.const:.string:NPI_SetAdvertisement1)
                  00003b32    00000011     Lab19_TestMain.obj (.const:.string:NPI_SetAdvertisementMsg)
                  00003b43    0000000e     Lab19_TestMain.obj (.const:.string:NPI_AddCharValue1)
                  00003b51    0000000e     Lab19_TestMain.obj (.const:.string:NPI_AddCharValue2)
                  00003b5f    0000000e     Lab19_TestMain.obj (.const:.string:NPI_AddCharValue3)
                  00003b6d    0000000e     Lab19_TestMain.obj (.const:.string:NPI_AddCharValue4)
                  00003b7b    00000009     AP.obj (.const:.string:HCI_EXT_ResetSystemCmd)
                  00003b84    00000009     Lab19_TestMain.obj (.const:.string:NPI_AddServiceMsg)
                  00003b8d    00000006     AP.obj (.const:.string:NPI_GetStatus)
                  00003b93    00000006     Lab19_TestMain.obj (.const:.string:NPI_GetStatusMsg)
                  00003b99    00000006     AP.obj (.const:.string:NPI_GetVersion)
                  00003b9f    00000006     Lab19_TestMain.obj (.const:.string:NPI_GetVersionMsg)
                  00003ba5    00000006     AP.obj (.const:.string:NPI_Register)
                  00003bab    00000006     Lab19_TestMain.obj (.const:.string:NPI_RegisterMsg)

.cinit     0    00003bb8    00000138     
                  00003bb8    00000113     (.cinit..data.load) [load image, compression = lzss]
                  00003ccb    00000001     --HOLE-- [fill = 0]
                  00003ccc    0000000c     (__TI_handler_table)
                  00003cd8    00000008     (.cinit..bss.load) [load image, compression = zero_init]
                  00003ce0    00000010     (__TI_cinit_table)

.init_array 
*          0    00000000    00000000     UNINITIALIZED

.binit     0    00000000    00000000     

.bss       0    20000000    0000046f     UNINITIALIZED
                  20000000    00000120     rtsv7M4_T_le_v4SPD16_eabi.lib : trgmsg.c.obj (.bss:_CIOBUF_)
                  20000120    00000100     (.common:RxFIFO)
                  20000220    000000a0     (.common:CharacteristicList)
                  200002c0    000000a0     (.common:__TI_tmpnams)
                  20000360    00000080     (.common:RecvBuf)
                  200003e0    00000050     (.common:NotifyCharacteristicList)
                  20000430    00000008     (.common:Messageb)
                  20000438    00000008     (.common:parmbuf)
                  20000440    00000004     (.common:Messageindexb)
                  20000444    00000004     (.common:NoSOFErr)
                  20000448    00000004     (.common:PeriodicTask2)
                  2000044c    00000004     (.common:RxFifoLost)
                  20000450    00000004     (.common:RxGetI)
                  20000454    00000004     (.common:RxPutI)
                  20000458    00000004     (.common:TimeOutErr)
                  2000045c    00000004     (.common:fcserr)
                  20000460    00000002     (.common:CCCDhandle)
                  20000462    00000002     (.common:CCCDvalue)
                  20000464    00000002     (.common:Handle1)
                  20000466    00000002     (.common:Handle2)
                  20000468    00000002     (.common:Handle3)
                  2000046a    00000002     (.common:Handle4)
                  2000046c    00000001     (.common:Count)
                  2000046d    00000001     (.common:Data)
                  2000046e    00000001     (.common:LogicData)

.sysmem    0    20000470    00000400     UNINITIALIZED
                  20000470    00000008     rtsv7M4_T_le_v4SPD16_eabi.lib : memory.c.obj (.sysmem)
                  20000478    000003f8     --HOLE--

.data      0    20000870    0000031c     UNINITIALIZED
                  20000870    000000f0     rtsv7M4_T_le_v4SPD16_eabi.lib : defs.c.obj (.data:_ftable)
                  20000960    00000078                                   : write.c.obj (.data:_device)
                  200009d8    00000050                                   : write.c.obj (.data:_stream)
                  20000a28    00000025     AP.obj (.data:NPI_SetAdvertisementData)
                  20000a4d    00000020     AP.obj (.data:NPI_AddCharDescriptor)
                  20000a6d    0000001c     AP.obj (.data:NPI_GATTSetDeviceName)
                  20000a89    00000003     --HOLE--
                  20000a8c    00000018     Clock.obj (.data)
                  20000aa4    00000015     AP.obj (.data:NPI_ReadConfirmation)
                  20000ab9    00000015     Lab19_TestMain.obj (.data:NPI_ReadConfirmationMsg)
                  20000ace    00000014     AP.obj (.data:NPI_SendNotificationIndication)
                  20000ae2    00000014     Lab19_TestMain.obj (.data:NPI_SendNotificationIndicationMsg)
                  20000af6    00000002     --HOLE--
                  20000af8    00000010     rtsv7M4_T_le_v4SPD16_eabi.lib : defs.c.obj (.data)
                  20000b08    0000000e     AP.obj (.data:NPI_AddCharValue)
                  20000b16    00000002     --HOLE--
                  20000b18    0000000c     rtsv7M4_T_le_v4SPD16_eabi.lib : exit.c.obj (.data:$O1$$)
                  20000b24    0000000c                                   : memory.c.obj (.data:$O1$$)
                  20000b30    0000000c     TExaS.obj (.data)
                  20000b3c    00000009     AP.obj (.data:NPI_AddService)
                  20000b45    00000009     AP.obj (.data:NPI_CCCDUpdatedConfirmation)
                  20000b4e    00000009     Lab19_TestMain.obj (.data:NPI_CCCDUpdatedConfirmationMsg)
                  20000b57    00000009     AP.obj (.data:NPI_WriteConfirmation)
                  20000b60    00000009     Lab19_TestMain.obj (.data:NPI_WriteConfirmationMsg)
                  20000b69    00000003     --HOLE--
                  20000b6c    00000008     rtsv7M4_T_le_v4SPD16_eabi.lib : _lock.c.obj (.data:$O1$$)
                  20000b74    00000008     AP.obj (.data)
                  20000b7c    00000004     rtsv7M4_T_le_v4SPD16_eabi.lib : add_device.c.obj (.data)
                  20000b80    00000004                                   : fopen.c.obj (.data)
                  20000b84    00000004                                   : open.c.obj (.data)
                  20000b88    00000004     system_msp432p401r.obj (.data)

.stack     0    2000fe00    00000200     UNINITIALIZED
                  2000fe00    00000004     rtsv7M4_T_le_v4SPD16_eabi.lib : boot_cortex_m.c.obj (.stack)
                  2000fe04    000001fc     --HOLE--

MODULE SUMMARY

       Module                        code    ro data   rw data
       ------                        ----    -------   -------
    .\
       AP.obj                        4036    64        1134   
       Lab19_TestMain.obj            1740    241       146    
       UART0.obj                     1724    0         24     
       TExaS.obj                     1584    0         34     
       UART1.obj                     420     0         536    
       system_msp432p401r.obj        812     0         8      
       Clock.obj                     480     0         48     
       startup_msp432p401r_ccs.obj   14      228       0      
       GPIO.obj                      192     0         0      
       LaunchPad.obj                 176     0         0      
       CortexM.obj                   36      0         0      
       TimerA1.obj                   18      0         0      
    +--+-----------------------------+-------+---------+---------+
       Total:                        11232   533       1930   
                                                              
    C:\ti\ccsv8\tools\compiler\ti-cgt-arm_18.1.1.LTS\lib\rtsv7M4_T_le_v4SPD16_eabi.lib
       defs.c.obj                    0       0         832    
       trgmsg.c.obj                  108     0         576    
       memory.c.obj                  492     0         24     
       fopen.c.obj                   468     0         8      
       write.c.obj                   40      0         400    
       setvbuf.c.obj                 220     0         0      
       open.c.obj                    188     0         8      
       add_device.c.obj              184     0         8      
       memcpy_t2.asm.obj             156     0         0      
       memset_t2.asm.obj             122     0         0      
       fclose.c.obj                  116     0         0      
       getdevice.c.obj               116     0         0      
       hostopen.c.obj                96      0         16     
       copy_decompress_lzss.c.obj    104     0         0      
       hostlseek.c.obj               104     0         0      
       hostrename.c.obj              104     0         0      
       exit.c.obj                    76      0         24     
       close.c.obj                   92      0         0      
       hostread.c.obj                88      0         0      
       hostwrite.c.obj               88      0         0      
       fflush.c.obj                  76      0         0      
       autoinit.c.obj                68      0         0      
       hostclose.c.obj               68      0         0      
       hostunlink.c.obj              68      0         0      
       boot_cortex_m.c.obj           56      0         0      
       strncpy.c.obj                 54      0         0      
       unlink.c.obj                  44      0         0      
       strcmp.c.obj                  24      0         0      
       strchr.c.obj                  22      0         0      
       strcpy.c.obj                  20      0         0      
       strlen.c.obj                  20      0         0      
       _lock.c.obj                   2       0         16     
       copy_decompress_none.c.obj    14      0         0      
       copy_zero_init.c.obj          12      0         0      
       pre_init.c.obj                4       0         0      
    +--+-----------------------------+-------+---------+---------+
       Total:                        3514    0         1912   
                                                              
       Heap:                         0       0         2048   
       Stack:                        0       0         1024   
       Linker Generated:             0       311       0      
    +--+-----------------------------+-------+---------+---------+
       Grand Total:                  14746   844       6914   


LINKER GENERATED COPY TABLES

__TI_cinit_table @ 00003ce0 records: 2, size/record: 8, table size: 16
	.data: load addr=00003bb8, load size=00000113 bytes, run addr=20000870, run size=0000031c bytes, compression=lzss
	.bss: load addr=00003cd8, load size=00000008 bytes, run addr=20000000, run size=0000046f bytes, compression=zero_init


LINKER GENERATED HANDLER TABLE

__TI_handler_table @ 00003ccc records: 3, size/record: 4, table size: 12
	index: 0, handler: __TI_decompress_lzss
	index: 1, handler: __TI_decompress_none
	index: 2, handler: __TI_zero_init


GLOBAL SYMBOLS: SORTED ALPHABETICALLY BY Name 

address   name                             
-------   ----                             
00003a6b  ADC14_IRQHandler                 
000021c1  ADC_Init                         
00003a6b  AES256_IRQHandler                
00000745  AP_AddCharacteristic             
00000901  AP_AddNotifyCharacteristic       
000006ed  AP_AddService                    
00000dc5  AP_BackgroundProcess             
00000289  AP_EchoReceived                  
0000021d  AP_EchoSendMessage               
000006d7  AP_GetNotifyCCCD                 
000001f3  AP_GetSize                       
00000c8d  AP_GetStatus                     
00000cc9  AP_GetVersion                    
0000010d  AP_Init                          
000004ad  AP_RecvMessage                   
00000689  AP_RecvStatus                    
00000725  AP_RegisterService               
000000e5  AP_Reset                         
00000311  AP_SendMessage                   
00000697  AP_SendMessageResponse           
00000b2d  AP_SendNotification              
00000c2d  AP_StartAdvertisement            
00000c7b  AP_StartAdvertisementJacki       
00003a6b  BusFault_Handler                 
00003a7d  C$$EXIT                          
000037cb  C$$IO$$                          
20000460  CCCDhandle                       
20000462  CCCDvalue                        
00003a6b  COMP_E0_IRQHandler               
00003a6b  COMP_E1_IRQHandler               
20000a94  CPMwait                          
00003a6b  CS_IRQHandler                    
20000b74  CharacteristicCount              
20000220  CharacteristicList               
20000a8c  ClockFrequency                   
000028e1  Clock_Delay1ms                   
000028b7  Clock_Delay1us                   
000028a3  Clock_GetFreq                    
0000278d  Clock_Init48MHz                  
2000046c  Count                            
20000aa0  Crystalstable                    
00003a6b  DMA_ERR_IRQHandler               
00003a6b  DMA_INT0_IRQHandler              
00003a6b  DMA_INT1_IRQHandler              
00003a6b  DMA_INT2_IRQHandler              
00003a6b  DMA_INT3_IRQHandler              
2000046d  Data                             
00003a6b  DebugMon_Handler                 
00003a6b  Default_Handler                  
000039c5  DisableInterrupts                
00003a6b  EUSCIA0_IRQHandler               
00003a6b  EUSCIA1_IRQHandler               
00002a95  EUSCIA2_IRQHandler               
00002a95  EUSCIA2_IRQHandler               
00003a6b  EUSCIA3_IRQHandler               
00003a6b  EUSCIB0_IRQHandler               
00003a6b  EUSCIB1_IRQHandler               
00003a6b  EUSCIB2_IRQHandler               
00003a6b  EUSCIB3_IRQHandler               
000039cb  EnableInterrupts                 
000039db  EndCritical                      
00003a6b  FLCTL_IRQHandler                 
00003a6b  FPU_IRQHandler                   
00002d95  GPIO_Init                        
000010a9  GPIo_Init                        
00003b7b  HCI_EXT_ResetSystemCmd           
00003651  HOSTclose                        
00003319  HOSTlseek                        
00003451  HOSTopen                         
0000350d  HOSTread                         
00003381  HOSTrename                       
00003695  HOSTunlink                       
00003565  HOSTwrite                        
20000464  Handle1                          
20000466  Handle2                          
20000468  Handle3                          
2000046a  Handle4                          
00003a6b  HardFault_Handler                
20000a9c  IFlags                           
00002fc9  LaunchPad_Init                   
00003007  LaunchPad_Input                  
00003021  LaunchPad_LED                    
0000303f  LaunchPad_Output                 
00001e31  LogicAnalyzer                    
00001e3b  LogicAnalyzer_P1                 
00001f11  LogicAnalyzer_P10                
00001e49  LogicAnalyzer_P2                 
00001e57  LogicAnalyzer_P2_7654            
00001e67  LogicAnalyzer_P3                 
00001e75  LogicAnalyzer_P4                 
00001e93  LogicAnalyzer_P4_765320          
00001e83  LogicAnalyzer_P4_765432          
00001ecb  LogicAnalyzer_P5                 
00001ed9  LogicAnalyzer_P6                 
00001ee7  LogicAnalyzer_P7                 
00001ef5  LogicAnalyzer_P8                 
00001f03  LogicAnalyzer_P9                 
2000046e  LogicData                        
00003a6b  MemManage_Handler                
20000430  Messageb                         
20000440  Messageindexb                    
00003a6b  NMI_Handler                      
20000a4d  NPI_AddCharDescriptor            
00003aff  NPI_AddCharDescriptor1           
00003a9c  NPI_AddCharDescriptor2           
00003b10  NPI_AddCharDescriptor3           
00003ad9  NPI_AddCharDescriptor4           
20000b08  NPI_AddCharValue                 
00003b43  NPI_AddCharValue1                
00003b51  NPI_AddCharValue2                
00003b5f  NPI_AddCharValue3                
00003b6d  NPI_AddCharValue4                
20000b3c  NPI_AddService                   
00003b84  NPI_AddServiceMsg                
20000b45  NPI_CCCDUpdatedConfirmation      
20000b4e  NPI_CCCDUpdatedConfirmationMsg   
20000a6d  NPI_GATTSetDeviceName            
00003aec  NPI_GATTSetDeviceNameMsg         
00003b8d  NPI_GetStatus                    
00003b93  NPI_GetStatusMsg                 
00003b99  NPI_GetVersion                   
00003b9f  NPI_GetVersionMsg                
20000aa4  NPI_ReadConfirmation             
20000ab9  NPI_ReadConfirmationMsg          
00003ba5  NPI_Register                     
00003bab  NPI_RegisterMsg                  
20000ace  NPI_SendNotificationIndication   
20000ae2  NPI_SendNotificationIndicationMsg
00003b21  NPI_SetAdvertisement1            
20000a28  NPI_SetAdvertisementData         
00003a80  NPI_SetAdvertisementDataMsg      
00003b32  NPI_SetAdvertisementMsg          
00003ab1  NPI_StartAdvertisement           
00003ac5  NPI_StartAdvertisementMsg        
20000b57  NPI_WriteConfirmation            
20000b60  NPI_WriteConfirmationMsg         
20000444  NoSOFErr                         
20000b78  NotifyCharacteristicCount        
200003e0  NotifyCharacteristicList         
000010d3  OutValue                         
00003a6b  PCM_IRQHandler                   
00003a6b  PORT1_IRQHandler                 
00003a6b  PORT2_IRQHandler                 
00003a6b  PORT3_IRQHandler                 
00003a6b  PORT4_IRQHandler                 
00003a6b  PORT5_IRQHandler                 
00003a6b  PORT6_IRQHandler                 
00003a6b  PSS_IRQHandler                   
00003a6b  PendSV_Handler                   
20000448  PeriodicTask2                    
00001fa3  PeriodicTask2_Init               
0000201d  PeriodicTask2_Stop               
20000a98  Postwait                         
20000a90  Prewait                          
00003a6b  RTC_C_IRQHandler                 
20000360  RecvBuf                          
00003a5f  Reset_Handler                    
20000120  RxFIFO                           
2000044c  RxFifoLost                       
000029c5  RxFifo_Get                       
0000296d  RxFifo_Init                      
0000297f  RxFifo_Put                       
20000450  RxGetI                           
20000454  RxPutI                           
00003a6b  SVC_Handler                      
00001f1f  Scope                            
000039d1  StartCritical                    
00003a6b  SysTick_Handler                  
20000b88  SystemCoreClock                  
00002461  SystemCoreClockUpdate            
000026d5  SystemInit                       
0000200d  T32_INT1_IRQHandler              
0000200d  T32_INT1_IRQHandler              
00003a6b  T32_INT2_IRQHandler              
00003a6b  T32_INTC_IRQHandler              
00003a6b  TA0_0_IRQHandler                 
00003a6b  TA0_N_IRQHandler                 
00003a4f  TA1_0_IRQHandler                 
00003a4f  TA1_0_IRQHandler                 
00003a6b  TA1_N_IRQHandler                 
00003a6b  TA2_0_IRQHandler                 
00003a6b  TA2_N_IRQHandler                 
00003a6b  TA3_0_IRQHandler                 
00003a6b  TA3_N_IRQHandler                 
0000215f  TExaS_Clear0                     
0000216b  TExaS_Clear1                     
00002177  TExaS_Clear2                     
00002183  TExaS_Clear3                     
0000218f  TExaS_Clear4                     
00002191  TExaS_Clear5                     
0000219d  TExaS_Clear6                     
0000229d  TExaS_Init                       
20000b34  TExaS_ScopeErrConflict           
20000b30  TExaS_ScopeErrLostData           
20000b38  TExaS_ScopeWrnReconfig           
000020fd  TExaS_Set                        
00002115  TExaS_Set0                       
00002121  TExaS_Set1                       
0000212d  TExaS_Set2                       
00002139  TExaS_Set3                       
00002145  TExaS_Set4                       
00002147  TExaS_Set5                       
00002153  TExaS_Set6                       
000023fd  TExaS_Stop                       
000020b3  TExaS_Task0                      
000020bf  TExaS_Task1                      
000020cb  TExaS_Task2                      
000020d7  TExaS_Task3                      
000020e3  TExaS_Task4                      
000020e5  TExaS_Task5                      
000020f1  TExaS_Task6                      
20000458  TimeOutErr                       
00003a3f  TimerA1_Init                     
00003a4d  TimerA1_Stop                     
000017bb  UART0_InChar                     
00001c45  UART0_InString                   
00001805  UART0_InUDec                     
00001af9  UART0_InUHex                     
00001775  UART0_Init                       
00001da5  UART0_Initprintf                 
000017cb  UART0_OutChar                    
000017e7  UART0_OutString                  
00001889  UART0_OutUDec                    
000019f5  UART0_OutUDec4                   
00001a49  UART0_OutUDec5                   
00001a85  UART0_OutUFix1                   
00001aad  UART0_OutUFix2                   
00001bbd  UART0_OutUHex                    
00001c29  UART0_OutUHex2                   
00002ac9  UART1_FinishOutput               
00002a67  UART1_InChar                     
000029fb  UART1_InStatus                   
00002a0b  UART1_Init                       
00002a79  UART1_OutChar                    
00002aab  UART1_OutString                  
00002087  UART_InChar                      
0000202d  UART_Init                        
00002097  UART_OutChar                     
00003a6b  UsageFault_Handler               
4000480c  WDTCTL_SYM                       
00003a6b  WDT_A_IRQHandler                 
000039e3  WaitForInterrupt                 
20000000  __CIOBUF_                        
20010000  __STACK_END                      
00000200  __STACK_SIZE                     
00000400  __SYSMEM_SIZE                    
00003ce0  __TI_CINIT_Base                  
00003cf0  __TI_CINIT_Limit                 
00003ccc  __TI_Handler_Table_Base          
00003cd8  __TI_Handler_Table_Limit         
000036d9  __TI_auto_init_nobinit_nopinit   
0000387d  __TI_cleanup                     
20000b18  __TI_cleanup_ptr                 
000032a5  __TI_closefile                   
000033e9  __TI_decompress_lzss             
00003a51  __TI_decompress_none             
000035bd  __TI_doflush                     
20000b1c  __TI_dtors_ptr                   
20000b20  __TI_enable_exit_profile_output  
20000af8  __TI_ft_end                      
ffffffff  __TI_pprof_out_hndl              
ffffffff  __TI_prof_data_size              
ffffffff  __TI_prof_data_start             
000038b1  __TI_readmsg                     
00000000  __TI_static_base__               
200002c0  __TI_tmpnams                     
0000379d  __TI_writemsg                    
00003a6d  __TI_zero_init                   
000031b1  __aeabi_memclr                   
000031b1  __aeabi_memclr4                  
000031b1  __aeabi_memclr8                  
00003115  __aeabi_memcpy                   
00003115  __aeabi_memcpy4                  
00003115  __aeabi_memcpy8                  
000031b3  __aeabi_memset                   
000031b3  __aeabi_memset4                  
000031b3  __aeabi_memset8                  
20000b04  __aeabi_stderr                   
20000afc  __aeabi_stdin                    
20000b00  __aeabi_stdout                   
ffffffff  __binit__                        
ffffffff  __c_args__                       
UNDEFED   __mpu_init                       
2000fe00  __stack                          
000037d5  _c_int00_noargs                  
20000960  _device                          
20000870  _ftable                          
20000b6c  _lock                            
0000322b  _nop                             
200009d8  _stream                          
20000470  _sys_memory                      
UNDEFED   _system_post_cinit               
00003a79  _system_pre_init                 
20000b70  _unlock                          
00003a7d  abort                            
00002f11  add_device                       
ffffffff  binit                            
000034b1  close                            
000028a9  delay                            
00003609  exit                             
2000045c  fcserr                           
00001cdf  ferror                           
00001cbf  fgetc                            
00003919  finddevice                       
00003079  fopen                            
00002bed  free                             
000038e5  freopen                          
0000371d  getdevice                        
00000000  interruptVectors                 
000010f9  main                             
0000322d  malloc                           
00003115  memcpy                           
000031b9  memset                           
0000380d  minit                            
00002e55  open                             
00001c01  outnibble                        
20000438  parmbuf                          
00003949  remove                           
00002b11  setvbuf                          
00003a01  strchr                           
000039e9  strcmp                           
00003a17  strcpy                           
00003a2b  strlen                           
00003845  strncpy                          
00001cfd  uart_close                       
00001d7b  uart_lseek                       
00001ced  uart_open                        
00001d0f  uart_read                        
00001d97  uart_rename                      
00001d8b  uart_unlink                      
00001d39  uart_write                       
00003949  unlink                           
0000399d  write                            


GLOBAL SYMBOLS: SORTED BY Symbol Address 

address   name                             
-------   ----                             
00000000  __TI_static_base__               
00000000  interruptVectors                 
000000e5  AP_Reset                         
0000010d  AP_Init                          
000001f3  AP_GetSize                       
00000200  __STACK_SIZE                     
0000021d  AP_EchoSendMessage               
00000289  AP_EchoReceived                  
00000311  AP_SendMessage                   
00000400  __SYSMEM_SIZE                    
000004ad  AP_RecvMessage                   
00000689  AP_RecvStatus                    
00000697  AP_SendMessageResponse           
000006d7  AP_GetNotifyCCCD                 
000006ed  AP_AddService                    
00000725  AP_RegisterService               
00000745  AP_AddCharacteristic             
00000901  AP_AddNotifyCharacteristic       
00000b2d  AP_SendNotification              
00000c2d  AP_StartAdvertisement            
00000c7b  AP_StartAdvertisementJacki       
00000c8d  AP_GetStatus                     
00000cc9  AP_GetVersion                    
00000dc5  AP_BackgroundProcess             
000010a9  GPIo_Init                        
000010d3  OutValue                         
000010f9  main                             
00001775  UART0_Init                       
000017bb  UART0_InChar                     
000017cb  UART0_OutChar                    
000017e7  UART0_OutString                  
00001805  UART0_InUDec                     
00001889  UART0_OutUDec                    
000019f5  UART0_OutUDec4                   
00001a49  UART0_OutUDec5                   
00001a85  UART0_OutUFix1                   
00001aad  UART0_OutUFix2                   
00001af9  UART0_InUHex                     
00001bbd  UART0_OutUHex                    
00001c01  outnibble                        
00001c29  UART0_OutUHex2                   
00001c45  UART0_InString                   
00001cbf  fgetc                            
00001cdf  ferror                           
00001ced  uart_open                        
00001cfd  uart_close                       
00001d0f  uart_read                        
00001d39  uart_write                       
00001d7b  uart_lseek                       
00001d8b  uart_unlink                      
00001d97  uart_rename                      
00001da5  UART0_Initprintf                 
00001e31  LogicAnalyzer                    
00001e3b  LogicAnalyzer_P1                 
00001e49  LogicAnalyzer_P2                 
00001e57  LogicAnalyzer_P2_7654            
00001e67  LogicAnalyzer_P3                 
00001e75  LogicAnalyzer_P4                 
00001e83  LogicAnalyzer_P4_765432          
00001e93  LogicAnalyzer_P4_765320          
00001ecb  LogicAnalyzer_P5                 
00001ed9  LogicAnalyzer_P6                 
00001ee7  LogicAnalyzer_P7                 
00001ef5  LogicAnalyzer_P8                 
00001f03  LogicAnalyzer_P9                 
00001f11  LogicAnalyzer_P10                
00001f1f  Scope                            
00001fa3  PeriodicTask2_Init               
0000200d  T32_INT1_IRQHandler              
0000200d  T32_INT1_IRQHandler              
0000201d  PeriodicTask2_Stop               
0000202d  UART_Init                        
00002087  UART_InChar                      
00002097  UART_OutChar                     
000020b3  TExaS_Task0                      
000020bf  TExaS_Task1                      
000020cb  TExaS_Task2                      
000020d7  TExaS_Task3                      
000020e3  TExaS_Task4                      
000020e5  TExaS_Task5                      
000020f1  TExaS_Task6                      
000020fd  TExaS_Set                        
00002115  TExaS_Set0                       
00002121  TExaS_Set1                       
0000212d  TExaS_Set2                       
00002139  TExaS_Set3                       
00002145  TExaS_Set4                       
00002147  TExaS_Set5                       
00002153  TExaS_Set6                       
0000215f  TExaS_Clear0                     
0000216b  TExaS_Clear1                     
00002177  TExaS_Clear2                     
00002183  TExaS_Clear3                     
0000218f  TExaS_Clear4                     
00002191  TExaS_Clear5                     
0000219d  TExaS_Clear6                     
000021c1  ADC_Init                         
0000229d  TExaS_Init                       
000023fd  TExaS_Stop                       
00002461  SystemCoreClockUpdate            
000026d5  SystemInit                       
0000278d  Clock_Init48MHz                  
000028a3  Clock_GetFreq                    
000028a9  delay                            
000028b7  Clock_Delay1us                   
000028e1  Clock_Delay1ms                   
0000296d  RxFifo_Init                      
0000297f  RxFifo_Put                       
000029c5  RxFifo_Get                       
000029fb  UART1_InStatus                   
00002a0b  UART1_Init                       
00002a67  UART1_InChar                     
00002a79  UART1_OutChar                    
00002a95  EUSCIA2_IRQHandler               
00002a95  EUSCIA2_IRQHandler               
00002aab  UART1_OutString                  
00002ac9  UART1_FinishOutput               
00002b11  setvbuf                          
00002bed  free                             
00002d95  GPIO_Init                        
00002e55  open                             
00002f11  add_device                       
00002fc9  LaunchPad_Init                   
00003007  LaunchPad_Input                  
00003021  LaunchPad_LED                    
0000303f  LaunchPad_Output                 
00003079  fopen                            
00003115  __aeabi_memcpy                   
00003115  __aeabi_memcpy4                  
00003115  __aeabi_memcpy8                  
00003115  memcpy                           
000031b1  __aeabi_memclr                   
000031b1  __aeabi_memclr4                  
000031b1  __aeabi_memclr8                  
000031b3  __aeabi_memset                   
000031b3  __aeabi_memset4                  
000031b3  __aeabi_memset8                  
000031b9  memset                           
0000322b  _nop                             
0000322d  malloc                           
000032a5  __TI_closefile                   
00003319  HOSTlseek                        
00003381  HOSTrename                       
000033e9  __TI_decompress_lzss             
00003451  HOSTopen                         
000034b1  close                            
0000350d  HOSTread                         
00003565  HOSTwrite                        
000035bd  __TI_doflush                     
00003609  exit                             
00003651  HOSTclose                        
00003695  HOSTunlink                       
000036d9  __TI_auto_init_nobinit_nopinit   
0000371d  getdevice                        
0000379d  __TI_writemsg                    
000037cb  C$$IO$$                          
000037d5  _c_int00_noargs                  
0000380d  minit                            
00003845  strncpy                          
0000387d  __TI_cleanup                     
000038b1  __TI_readmsg                     
000038e5  freopen                          
00003919  finddevice                       
00003949  remove                           
00003949  unlink                           
0000399d  write                            
000039c5  DisableInterrupts                
000039cb  EnableInterrupts                 
000039d1  StartCritical                    
000039db  EndCritical                      
000039e3  WaitForInterrupt                 
000039e9  strcmp                           
00003a01  strchr                           
00003a17  strcpy                           
00003a2b  strlen                           
00003a3f  TimerA1_Init                     
00003a4d  TimerA1_Stop                     
00003a4f  TA1_0_IRQHandler                 
00003a4f  TA1_0_IRQHandler                 
00003a51  __TI_decompress_none             
00003a5f  Reset_Handler                    
00003a6b  ADC14_IRQHandler                 
00003a6b  AES256_IRQHandler                
00003a6b  BusFault_Handler                 
00003a6b  COMP_E0_IRQHandler               
00003a6b  COMP_E1_IRQHandler               
00003a6b  CS_IRQHandler                    
00003a6b  DMA_ERR_IRQHandler               
00003a6b  DMA_INT0_IRQHandler              
00003a6b  DMA_INT1_IRQHandler              
00003a6b  DMA_INT2_IRQHandler              
00003a6b  DMA_INT3_IRQHandler              
00003a6b  DebugMon_Handler                 
00003a6b  Default_Handler                  
00003a6b  EUSCIA0_IRQHandler               
00003a6b  EUSCIA1_IRQHandler               
00003a6b  EUSCIA3_IRQHandler               
00003a6b  EUSCIB0_IRQHandler               
00003a6b  EUSCIB1_IRQHandler               
00003a6b  EUSCIB2_IRQHandler               
00003a6b  EUSCIB3_IRQHandler               
00003a6b  FLCTL_IRQHandler                 
00003a6b  FPU_IRQHandler                   
00003a6b  HardFault_Handler                
00003a6b  MemManage_Handler                
00003a6b  NMI_Handler                      
00003a6b  PCM_IRQHandler                   
00003a6b  PORT1_IRQHandler                 
00003a6b  PORT2_IRQHandler                 
00003a6b  PORT3_IRQHandler                 
00003a6b  PORT4_IRQHandler                 
00003a6b  PORT5_IRQHandler                 
00003a6b  PORT6_IRQHandler                 
00003a6b  PSS_IRQHandler                   
00003a6b  PendSV_Handler                   
00003a6b  RTC_C_IRQHandler                 
00003a6b  SVC_Handler                      
00003a6b  SysTick_Handler                  
00003a6b  T32_INT2_IRQHandler              
00003a6b  T32_INTC_IRQHandler              
00003a6b  TA0_0_IRQHandler                 
00003a6b  TA0_N_IRQHandler                 
00003a6b  TA1_N_IRQHandler                 
00003a6b  TA2_0_IRQHandler                 
00003a6b  TA2_N_IRQHandler                 
00003a6b  TA3_0_IRQHandler                 
00003a6b  TA3_N_IRQHandler                 
00003a6b  UsageFault_Handler               
00003a6b  WDT_A_IRQHandler                 
00003a6d  __TI_zero_init                   
00003a79  _system_pre_init                 
00003a7d  C$$EXIT                          
00003a7d  abort                            
00003a80  NPI_SetAdvertisementDataMsg      
00003a9c  NPI_AddCharDescriptor2           
00003ab1  NPI_StartAdvertisement           
00003ac5  NPI_StartAdvertisementMsg        
00003ad9  NPI_AddCharDescriptor4           
00003aec  NPI_GATTSetDeviceNameMsg         
00003aff  NPI_AddCharDescriptor1           
00003b10  NPI_AddCharDescriptor3           
00003b21  NPI_SetAdvertisement1            
00003b32  NPI_SetAdvertisementMsg          
00003b43  NPI_AddCharValue1                
00003b51  NPI_AddCharValue2                
00003b5f  NPI_AddCharValue3                
00003b6d  NPI_AddCharValue4                
00003b7b  HCI_EXT_ResetSystemCmd           
00003b84  NPI_AddServiceMsg                
00003b8d  NPI_GetStatus                    
00003b93  NPI_GetStatusMsg                 
00003b99  NPI_GetVersion                   
00003b9f  NPI_GetVersionMsg                
00003ba5  NPI_Register                     
00003bab  NPI_RegisterMsg                  
00003ccc  __TI_Handler_Table_Base          
00003cd8  __TI_Handler_Table_Limit         
00003ce0  __TI_CINIT_Base                  
00003cf0  __TI_CINIT_Limit                 
20000000  __CIOBUF_                        
20000120  RxFIFO                           
20000220  CharacteristicList               
200002c0  __TI_tmpnams                     
20000360  RecvBuf                          
200003e0  NotifyCharacteristicList         
20000430  Messageb                         
20000438  parmbuf                          
20000440  Messageindexb                    
20000444  NoSOFErr                         
20000448  PeriodicTask2                    
2000044c  RxFifoLost                       
20000450  RxGetI                           
20000454  RxPutI                           
20000458  TimeOutErr                       
2000045c  fcserr                           
20000460  CCCDhandle                       
20000462  CCCDvalue                        
20000464  Handle1                          
20000466  Handle2                          
20000468  Handle3                          
2000046a  Handle4                          
2000046c  Count                            
2000046d  Data                             
2000046e  LogicData                        
20000470  _sys_memory                      
20000870  _ftable                          
20000960  _device                          
200009d8  _stream                          
20000a28  NPI_SetAdvertisementData         
20000a4d  NPI_AddCharDescriptor            
20000a6d  NPI_GATTSetDeviceName            
20000a8c  ClockFrequency                   
20000a90  Prewait                          
20000a94  CPMwait                          
20000a98  Postwait                         
20000a9c  IFlags                           
20000aa0  Crystalstable                    
20000aa4  NPI_ReadConfirmation             
20000ab9  NPI_ReadConfirmationMsg          
20000ace  NPI_SendNotificationIndication   
20000ae2  NPI_SendNotificationIndicationMsg
20000af8  __TI_ft_end                      
20000afc  __aeabi_stdin                    
20000b00  __aeabi_stdout                   
20000b04  __aeabi_stderr                   
20000b08  NPI_AddCharValue                 
20000b18  __TI_cleanup_ptr                 
20000b1c  __TI_dtors_ptr                   
20000b20  __TI_enable_exit_profile_output  
20000b30  TExaS_ScopeErrLostData           
20000b34  TExaS_ScopeErrConflict           
20000b38  TExaS_ScopeWrnReconfig           
20000b3c  NPI_AddService                   
20000b45  NPI_CCCDUpdatedConfirmation      
20000b4e  NPI_CCCDUpdatedConfirmationMsg   
20000b57  NPI_WriteConfirmation            
20000b60  NPI_WriteConfirmationMsg         
20000b6c  _lock                            
20000b70  _unlock                          
20000b74  CharacteristicCount              
20000b78  NotifyCharacteristicCount        
20000b88  SystemCoreClock                  
2000fe00  __stack                          
20010000  __STACK_END                      
4000480c  WDTCTL_SYM                       
ffffffff  __TI_pprof_out_hndl              
ffffffff  __TI_prof_data_size              
ffffffff  __TI_prof_data_start             
ffffffff  __binit__                        
ffffffff  __c_args__                       
ffffffff  binit                            
UNDEFED   __mpu_init                       
UNDEFED   _system_post_cinit               

[333 symbols]
